10-25 13:00:16.718 27211 27218 W dex2oat : Method processed more than once: java.lang.String com.twitter.sdk.android.core.internal.TwitterApi.buildUserAgent(java.lang.String, java.lang.String)
10-25 13:00:16.719 27211 27218 W dex2oat : Method processed more than once: android.net.Uri$Builder com.twitter.sdk.android.core.internal.TwitterApi.buildUponBaseHostUrl(java.lang.String[])
10-25 13:00:16.719 27211 27218 W dex2oat : Method processed more than once: java.lang.String com.twitter.sdk.android.core.internal.TwitterApi.getBaseHostUrl()
10-25 13:00:16.722 27211 27211 W dex2oat : Method processed more than once: void io.fabric.sdk.android.services.events.EventsFilesManager.<init>(android.content.Context, io.fabric.sdk.android.services.events.EventTransform, io.fabric.sdk.android.services.common.CurrentTimeProvider, io.fabric.sdk.android.services.events.EventsStorage, int)
10-25 13:00:16.722 27211 27211 W dex2oat : Method processed more than once: void io.fabric.sdk.android.services.events.EventsFilesManager.rollFileOverIfNeeded(int)
10-25 13:00:16.722 27211 27211 W dex2oat : Method processed more than once: void io.fabric.sdk.android.services.events.EventsFilesManager.triggerRollOverOnListeners(java.lang.String)
10-25 13:00:16.722 27211 27211 W dex2oat : Method processed more than once: void io.fabric.sdk.android.services.events.EventsFilesManager.deleteAllEventsFiles()
10-25 13:00:16.722 27211 27211 W dex2oat : Method processed more than once: void io.fabric.sdk.android.services.events.EventsFilesManager.deleteOldestInRollOverIfOverMax()
10-25 13:00:16.722 27211 27211 W dex2oat : Method processed more than once: void io.fabric.sdk.android.services.events.EventsFilesManager.deleteSentFiles(java.util.List)
10-25 13:00:16.722 27211 27211 W dex2oat : Method processed more than once: java.util.List io.fabric.sdk.android.services.events.EventsFilesManager.getBatchOfFilesToSend()
10-25 13:00:16.722 27211 27211 W dex2oat : Method processed more than once: long io.fabric.sdk.android.services.events.EventsFilesManager.getLastRollOverTime()
10-25 13:00:16.722 27211 27211 W dex2oat : Method processed more than once: int io.fabric.sdk.android.services.events.EventsFilesManager.getMaxByteSizePerFile()
10-25 13:00:16.722 27211 27211 W dex2oat : Method processed more than once: int io.fabric.sdk.android.services.events.EventsFilesManager.getMaxFilesToKeep()
10-25 13:00:16.722 27211 27211 W dex2oat : Method processed more than once: long io.fabric.sdk.android.services.events.EventsFilesManager.parseCreationTimestampFromFileName(java.lang.String)
10-25 13:00:16.722 27211 27211 W dex2oat : Method processed more than once: void io.fabric.sdk.android.services.events.EventsFilesManager.registerRollOverListener(io.fabric.sdk.android.services.events.EventsStorageListener)
10-25 13:00:16.723 27211 27211 W dex2oat : Method processed more than once: boolean io.fabric.sdk.android.services.events.EventsFilesManager.rollFileOver()
10-25 13:00:16.723 27211 27211 W dex2oat : Method processed more than once: void io.fabric.sdk.android.services.events.EventsFilesManager.writeEvent(java.lang.Object)
10-25 13:00:16.786 27211 27211 W dex2oat : Method processed more than once: void com.urbanairship.push.notifications.NotificationFactory.<init>(android.content.Context)
10-25 13:00:16.786 27211 27211 W dex2oat : Method processed more than once: android.app.Notification com.urbanairship.push.notifications.NotificationFactory.createNotification(com.urbanairship.push.PushMessage, int)
10-25 13:00:16.786 27211 27211 W dex2oat : Method processed more than once: android.support.v4.app.NotificationCompat$Builder com.urbanairship.push.notifications.NotificationFactory.createNotificationBuilder(com.urbanairship.push.PushMessage, int, android.support.v4.app.NotificationCompat$Style)
10-25 13:00:16.786 27211 27211 W dex2oat : Method processed more than once: java.lang.String com.urbanairship.push.notifications.NotificationFactory.getActiveNotificationChannel(com.urbanairship.push.PushMessage)
10-25 13:00:16.786 27211 27211 W dex2oat : Method processed more than once: int com.urbanairship.push.notifications.NotificationFactory.getColor()
10-25 13:00:16.786 27211 27211 W dex2oat : Method processed more than once: int com.urbanairship.push.notifications.NotificationFactory.getConstantNotificationId()
10-25 13:00:16.787 27211 27211 W dex2oat : Method processed more than once: android.content.Context com.urbanairship.push.notifications.NotificationFactory.getContext()
10-25 13:00:16.787 27211 27211 W dex2oat : Method processed more than once: int com.urbanairship.push.notifications.NotificationFactory.getLargeIcon()
10-25 13:00:16.787 27211 27211 W dex2oat : Method processed more than once: int com.urbanairship.push.notifications.NotificationFactory.getNextId(com.urbanairship.push.PushMessage)
10-25 13:00:16.787 27211 27211 W dex2oat : Method processed more than once: java.lang.String com.urbanairship.push.notifications.NotificationFactory.getNotificationChannel()
10-25 13:00:16.787 27211 27211 W dex2oat : Method processed more than once: int com.urbanairship.push.notifications.NotificationFactory.getNotificationDefaultOptions()
10-25 13:00:16.787 27211 27211 W dex2oat : Method processed more than once: int com.urbanairship.push.notifications.NotificationFactory.getSmallIconId()
10-25 13:00:16.787 27211 27211 W dex2oat : Method processed more than once: android.net.Uri com.urbanairship.push.notifications.NotificationFactory.getSound()
10-25 13:00:16.787 27211 27211 W dex2oat : Method processed more than once: java.lang.String com.urbanairship.push.notifications.NotificationFactory.getTitle(com.urbanairship.push.PushMessage)
10-25 13:00:16.787 27211 27211 W dex2oat : Method processed more than once: int com.urbanairship.push.notifications.NotificationFactory.getTitleId()
10-25 13:00:16.787 27211 27211 W dex2oat : Method processed more than once: boolean com.urbanairship.push.notifications.NotificationFactory.requiresLongRunningTask(com.urbanairship.push.PushMessage)
10-25 13:00:16.787 27211 27211 W dex2oat : Method processed more than once: void com.urbanairship.push.notifications.NotificationFactory.setColor(int)
10-25 13:00:16.787 27211 27211 W dex2oat : Method processed more than once: com.urbanairship.push.notifications.NotificationFactory com.urbanairship.push.notifications.NotificationFactory.setConstantNotificationId(int)
10-25 13:00:16.787 27211 27211 W dex2oat : Method processed more than once: void com.urbanairship.push.notifications.NotificationFactory.setLargeIcon(int)
10-25 13:00:16.787 27211 27211 W dex2oat : Method processed more than once: void com.urbanairship.push.notifications.NotificationFactory.setNotificationChannel(java.lang.String)
10-25 13:00:16.787 27211 27211 W dex2oat : Method processed more than once: void com.urbanairship.push.notifications.NotificationFactory.setNotificationDefaultOptions(int)
10-25 13:00:16.787 27211 27211 W dex2oat : Method processed more than once: void com.urbanairship.push.notifications.NotificationFactory.setSmallIconId(int)
10-25 13:00:16.787 27211 27211 W dex2oat : Method processed more than once: void com.urbanairship.push.notifications.NotificationFactory.setSound(android.net.Uri)
10-25 13:00:16.787 27211 27211 W dex2oat : Method processed more than once: void com.urbanairship.push.notifications.NotificationFactory.setTitleId(int)
10-25 13:00:16.788 27211 27220 W dex2oat : Method processed more than once: void com.urbanairship.push.notifications.CustomLayoutNotificationFactory.<init>(android.content.Context, int)
10-25 13:00:16.788 27211 27220 W dex2oat : Method processed more than once: android.app.Notification com.urbanairship.push.notifications.CustomLayoutNotificationFactory.createNotification(com.urbanairship.push.PushMessage, int)
10-25 13:00:16.788 27211 27220 W dex2oat : Method processed more than once: android.support.v4.app.NotificationCompat$Builder com.urbanairship.push.notifications.CustomLayoutNotificationFactory.extendBuilder(android.support.v4.app.NotificationCompat$Builder, com.urbanairship.push.PushMessage, int)
10-25 13:00:16.789 27211 27220 W dex2oat : Method processed more than once: void com.urbanairship.push.notifications.CustomLayoutNotificationFactory.onBindContentView(android.widget.RemoteViews, com.urbanairship.push.PushMessage, int)
10-25 13:00:16.834 27211 27211 W dex2oat : Method processed more than once: void io.fabric.sdk.android.services.concurrency.AsyncTask.<clinit>()
10-25 13:00:16.834 27211 27211 W dex2oat : Method processed more than once: void io.fabric.sdk.android.services.concurrency.AsyncTask.<init>()
10-25 13:00:16.834 27211 27211 W dex2oat : Method processed more than once: java.util.concurrent.atomic.AtomicBoolean io.fabric.sdk.android.services.concurrency.AsyncTask.access$200(io.fabric.sdk.android.services.concurrency.AsyncTask)
10-25 13:00:16.834 27211 27211 W dex2oat : Method processed more than once: java.lang.Object io.fabric.sdk.android.services.concurrency.AsyncTask.access$300(io.fabric.sdk.android.services.concurrency.AsyncTask, java.lang.Object)
10-25 13:00:16.834 27211 27211 W dex2oat : Method processed more than once: void io.fabric.sdk.android.services.concurrency.AsyncTask.access$400(io.fabric.sdk.android.services.concurrency.AsyncTask, java.lang.Object)
10-25 13:00:16.834 27211 27211 W dex2oat : Method processed more than once: void io.fabric.sdk.android.services.concurrency.AsyncTask.access$500(io.fabric.sdk.android.services.concurrency.AsyncTask, java.lang.Object)
10-25 13:00:16.834 27211 27211 W dex2oat : Method processed more than once: void io.fabric.sdk.android.services.concurrency.AsyncTask.execute(java.lang.Runnable)
10-25 13:00:16.835 27211 27211 W dex2oat : Method processed more than once: void io.fabric.sdk.android.services.concurrency.AsyncTask.finish(java.lang.Object)
10-25 13:00:16.835 27211 27211 W dex2oat : Method processed more than once: void io.fabric.sdk.android.services.concurrency.AsyncTask.init()
10-25 13:00:16.835 27211 27211 W dex2oat : Method processed more than once: java.lang.Object io.fabric.sdk.android.services.concurrency.AsyncTask.postResult(java.lang.Object)
10-25 13:00:16.835 27211 27211 W dex2oat : Method processed more than once: void io.fabric.sdk.android.services.concurrency.AsyncTask.postResultIfNotInvoked(java.lang.Object)
10-25 13:00:16.835 27211 27211 W dex2oat : Method processed more than once: void io.fabric.sdk.android.services.concurrency.AsyncTask.setDefaultExecutor(java.util.concurrent.Executor)
10-25 13:00:16.835 27211 27211 W dex2oat : Method processed more than once: boolean io.fabric.sdk.android.services.concurrency.AsyncTask.cancel(boolean)
10-25 13:00:16.835 27211 27211 W dex2oat : Method processed more than once: io.fabric.sdk.android.services.concurrency.AsyncTask io.fabric.sdk.android.services.concurrency.AsyncTask.execute(java.lang.Object[])
10-25 13:00:16.835 27211 27211 W dex2oat : Method processed more than once: io.fabric.sdk.android.services.concurrency.AsyncTask io.fabric.sdk.android.services.concurrency.AsyncTask.executeOnExecutor(java.util.concurrent.Executor, java.lang.Object[])
10-25 13:00:16.835 27211 27211 W dex2oat : Method processed more than once: java.lang.Object io.fabric.sdk.android.services.concurrency.AsyncTask.get()
10-25 13:00:16.835 27211 27211 W dex2oat : Method processed more than once: java.lang.Object io.fabric.sdk.android.services.concurrency.AsyncTask.get(long, java.util.concurrent.TimeUnit)
10-25 13:00:16.835 27211 27211 W dex2oat : Method processed more than once: io.fabric.sdk.android.services.concurrency.AsyncTask$Status io.fabric.sdk.android.services.concurrency.AsyncTask.getStatus()
10-25 13:00:16.835 27211 27211 W dex2oat : Method processed more than once: boolean io.fabric.sdk.android.services.concurrency.AsyncTask.isCancelled()
10-25 13:00:16.835 27211 27211 W dex2oat : Method processed more than once: void io.fabric.sdk.android.services.concurrency.AsyncTask.onCancelled()
10-25 13:00:16.835 27211 27211 W dex2oat : Method processed more than once: void io.fabric.sdk.android.services.concurrency.AsyncTask.onCancelled(java.lang.Object)
10-25 13:00:16.835 27211 27211 W dex2oat : Method processed more than once: void io.fabric.sdk.android.services.concurrency.AsyncTask.onPostExecute(java.lang.Object)
10-25 13:00:16.835 27211 27211 W dex2oat : Method processed more than once: void io.fabric.sdk.android.services.concurrency.AsyncTask.onPreExecute()
10-25 13:00:16.835 27211 27211 W dex2oat : Method processed more than once: void io.fabric.sdk.android.services.concurrency.AsyncTask.onProgressUpdate(java.lang.Object[])
10-25 13:00:16.835 27211 27211 W dex2oat : Method processed more than once: void io.fabric.sdk.android.services.concurrency.AsyncTask.publishProgress(java.lang.Object[])
10-25 13:00:16.836 27211 27211 W dex2oat : Method processed more than once: void io.fabric.sdk.android.services.common.AbstractSpiCall.<clinit>()
10-25 13:00:16.836 27211 27211 W dex2oat : Method processed more than once: void io.fabric.sdk.android.services.common.AbstractSpiCall.<init>(io.fabric.sdk.android.Kit, java.lang.String, java.lang.String, io.fabric.sdk.android.services.network.HttpRequestFactory, io.fabric.sdk.android.services.network.HttpMethod)
10-25 13:00:16.836 27211 27211 W dex2oat : Method processed more than once: java.lang.String io.fabric.sdk.android.services.common.AbstractSpiCall.overrideProtocolAndHost(java.lang.String)
10-25 13:00:16.836 27211 27211 W dex2oat : Method processed more than once: io.fabric.sdk.android.services.network.HttpRequest io.fabric.sdk.android.services.common.AbstractSpiCall.getHttpRequest()
10-25 13:00:16.836 27211 27219 W dex2oat : Method processed more than once: void io.fabric.sdk.android.services.common.BackgroundPriorityRunnable.<init>()
10-25 13:00:16.836 27211 27211 W dex2oat : Method processed more than once: io.fabric.sdk.android.services.network.HttpRequest io.fabric.sdk.android.services.common.AbstractSpiCall.getHttpRequest(java.util.Map)
10-25 13:00:16.836 27211 27211 W dex2oat : Method processed more than once: java.lang.String io.fabric.sdk.android.services.common.AbstractSpiCall.getUrl()
10-25 13:00:16.836 27211 27219 W dex2oat : Method processed more than once: void io.fabric.sdk.android.services.common.BackgroundPriorityRunnable.run()
10-25 13:00:16.838 27211 27218 W dex2oat : Method processed more than once: void io.fabric.sdk.android.services.concurrency.PriorityTask.<init>()
10-25 13:00:16.838 27211 27218 W dex2oat : Method processed more than once: boolean io.fabric.sdk.android.services.concurrency.PriorityTask.isProperDelegate(java.lang.Object)
10-25 13:00:16.838 27211 27218 W dex2oat : Method processed more than once: void io.fabric.sdk.android.services.concurrency.PriorityTask.addDependency(io.fabric.sdk.android.services.concurrency.Task)
10-25 13:00:16.838 27211 27218 W dex2oat : Method processed more than once: void io.fabric.sdk.android.services.concurrency.PriorityTask.addDependency(java.lang.Object)
10-25 13:00:16.838 27211 27218 W dex2oat : Method processed more than once: boolean io.fabric.sdk.android.services.concurrency.PriorityTask.areDependenciesMet()
10-25 13:00:16.838 27211 27218 W dex2oat : Method processed more than once: int io.fabric.sdk.android.services.concurrency.PriorityTask.compareTo(java.lang.Object)
10-25 13:00:16.838 27211 27218 W dex2oat : Method processed more than once: java.util.Collection io.fabric.sdk.android.services.concurrency.PriorityTask.getDependencies()
10-25 13:00:16.838 27211 27218 W dex2oat : Method processed more than once: java.lang.Throwable io.fabric.sdk.android.services.concurrency.PriorityTask.getError()
10-25 13:00:16.838 27211 27218 W dex2oat : Method processed more than once: io.fabric.sdk.android.services.concurrency.Priority io.fabric.sdk.android.services.concurrency.PriorityTask.getPriority()
10-25 13:00:16.838 27211 27218 W dex2oat : Method processed more than once: boolean io.fabric.sdk.android.services.concurrency.PriorityTask.isFinished()
10-25 13:00:16.838 27211 27218 W dex2oat : Method processed more than once: void io.fabric.sdk.android.services.concurrency.PriorityTask.setError(java.lang.Throwable)
10-25 13:00:16.838 27211 27218 W dex2oat : Method processed more than once: void io.fabric.sdk.android.services.concurrency.PriorityTask.setFinished(boolean)
10-25 13:00:16.840 27211 27211 W dex2oat : Method processed more than once: void io.fabric.sdk.android.services.concurrency.PriorityCallable.<init>()
10-25 13:00:17.292 27211 27211 I dex2oat : Explicit concurrent copying GC freed 38790(7MB) AllocSpace objects, 0(0B) LOS objects, 82% free, 330KB/1866KB, paused 67us total 6.714ms
10-25 13:00:18.031 27211 27211 I dex2oat : dex2oat took 5.220s (11.148s cpu) (threads: 4) arena alloc=817KB (837272B) java alloc=330KB (338088B) native alloc=15MB (16733120B) free=3MB (3714112B)
10-25 13:00:18.279   875   925 W PackageManager: Privileged permission android.permission.SET_MEDIA_KEY_LISTENER for package com.google.android.googlequicksearchbox - not in privapp-permissions whitelist
10-25 13:00:18.279   875   925 W PackageManager: Privileged permission android.permission.SET_VOLUME_KEY_LONG_PRESS_LISTENER for package com.google.android.googlequicksearchbox - not in privapp-permissions whitelist
10-25 13:00:18.280   875   925 W PackageManager: Privileged permission android.permission.PACKAGE_USAGE_STATS for package com.google.android.googlequicksearchbox - not in privapp-permissions whitelist
10-25 13:00:18.280   875   925 W PackageManager: Privileged permission android.permission.INSTALL_PACKAGES for package com.verizon.mips.services - not in privapp-permissions whitelist
10-25 13:00:18.280   875   925 W PackageManager: Privileged permission android.permission.READ_FRAME_BUFFER for package com.verizon.mips.services - not in privapp-permissions whitelist
10-25 13:00:18.280   875   925 W PackageManager: Privileged permission android.permission.UPDATE_APP_OPS_STATS for package com.verizon.mips.services - not in privapp-permissions whitelist
10-25 13:00:18.280   875   925 W PackageManager: Privileged permission android.permission.DUMP for package com.verizon.mips.services - not in privapp-permissions whitelist
10-25 13:00:18.280   875   925 W PackageManager: Privileged permission android.permission.WRITE_SECURE_SETTINGS for package com.verizon.mips.services - not in privapp-permissions whitelist
10-25 13:00:18.286   875   925 W PackageManager: Privileged permission android.permission.BACKUP for package com.android.vending - not in privapp-permissions whitelist
10-25 13:00:18.292   875   925 W PackageManager: Privileged permission android.permission.CAPTURE_AUDIO_OUTPUT for package com.google.android.dialer - not in privapp-permissions whitelist
10-25 13:00:18.292   875   925 W PackageManager: Privileged permission android.permission.MODIFY_AUDIO_ROUTING for package com.google.android.dialer - not in privapp-permissions whitelist
10-25 13:00:18.297   875   925 W PackageManager: Privileged permission android.permission.ALLOCATE_AGGRESSIVE for package com.google.android.gms - not in privapp-permissions whitelist
10-25 13:00:18.306   875   925 W PackageManager: Privileged permission android.permission.PACKAGE_USAGE_STATS for package com.google.android.apps.turbo - not in privapp-permissions whitelist
10-25 13:00:18.313   875   925 W PackageManager: Privileged permission android.permission.PACKET_KEEPALIVE_OFFLOAD for package com.google.android.apps.gcs - not in privapp-permissions whitelist
10-25 13:00:18.539   705   754 D installd: Applied hard quotas for 10470
10-25 13:00:18.546   875   925 V BackupManagerService: restoreAtInstall pkg=ca.cbc.mobile.android.cbcnewsandroidwebview token=17 restoreSet=0
10-25 13:00:18.546   875   925 V BackupManagerService: Finishing install immediately
10-25 13:00:18.568   705   754 E         : Couldn't opendir /data/app/vmdl1548576536.tmp: No such file or directory
10-25 13:00:18.569   705   754 E installd: Failed to delete /data/app/vmdl1548576536.tmp: No such file or directory
10-25 13:00:18.623  1947 27222 I IntentFilterIntentOp: Verifying IntentFilter. verificationId:11 scheme:"https" hosts:"www.cbc.ca" package:"ca.cbc.mobile.android.cbcnewsandroidwebview".
10-25 13:00:18.628  1391  1391 D ImsResolver: maybeAddedImsService, packageName: ca.cbc.mobile.android.cbcnewsandroidwebview
10-25 13:00:18.670 24426 24426 I Finsky  : [2] com.google.android.finsky.packagemanager.impl.PackageMonitorReceiverImpl.a(12): PackageMonitor received: android.intent.action.PACKAGE_ADDED
10-25 13:00:18.714   875   907 W BroadcastQueue: Background execution not allowed: receiving Intent { act=android.intent.action.PACKAGE_ADDED dat=package:ca.cbc.mobile.android.cbcnewsandroidwebview flg=0x4000010 (has extras) } to com.android.musicfx/.Compatibility$Receiver
10-25 13:00:18.715   875   907 W BroadcastQueue: Background execution not allowed: receiving Intent { act=android.intent.action.PACKAGE_ADDED dat=package:ca.cbc.mobile.android.cbcnewsandroidwebview flg=0x4000010 (has extras) } to com.android.vending/com.google.android.finsky.packagemanager.impl.PackageMonitorReceiverImpl$RegisteredReceiver
10-25 13:00:18.716 24426 24426 I Finsky  : [2] com.google.android.finsky.wear.eg.a(14): Do not start WearSupportService due to Wear service optimization
10-25 13:00:18.727   875 18099 W ActivityManager: Permission Denial: Accessing service ComponentInfo{com.google.android.music/com.google.android.music.dial.DialMediaRouteProviderService} from pid=1947, uid=10025 that is not exported from uid 10069
10-25 13:00:18.724 24426 24426 I Finsky  : [2] com.google.android.finsky.wear.eg.a(14): Do not start WearSupportService due to Wear service optimization
10-25 13:00:18.740 24426 24426 I Finsky  : [2] com.google.android.finsky.p2p.e.b(20): Frosting ID looked up on UI thread. Caller should move to a background thread.
10-25 13:00:18.754  1947 27224 E bspn    : *~*~*~ Channel {0} was not shutdown properly!!! ~*~*~*
10-25 13:00:18.754  1947 27224 E bspn    :     Make sure to call shutdown()/shutdownNow() and wait until awaitTermination() returns true.
10-25 13:00:18.754  1947 27224 E bspn    : java.lang.RuntimeException: ManagedChannel allocation site
10-25 13:00:18.754  1947 27224 E bspn    : 	at bspo.<init>(:com.google.android.gms@14366028@14.3.66 (090400-213742215):1)
10-25 13:00:18.754  1947 27224 E bspn    : 	at bspn.<init>(:com.google.android.gms@14366028@14.3.66 (090400-213742215):2)
10-25 13:00:18.754  1947 27224 E bspn    : 	at bspn.<init>(:com.google.android.gms@14366028@14.3.66 (090400-213742215):1)
10-25 13:00:18.754  1947 27224 E bspn    : 	at bsid.b(:com.google.android.gms@14366028@14.3.66 (090400-213742215):14)
10-25 13:00:18.754  1947 27224 E bspn    : 	at qco.a(:com.google.android.gms@14366028@14.3.66 (090400-213742215):34)
10-25 13:00:18.754  1947 27224 E bspn    : 	at qco.a(:com.google.android.gms@14366028@14.3.66 (090400-213742215):60)
10-25 13:00:18.754  1947 27224 E bspn    : 	at aozb.a(:com.google.android.gms@14366028@14.3.66 (090400-213742215):12)
10-25 13:00:18.754  1947 27224 E bspn    : 	at aozb.a(:com.google.android.gms@14366028@14.3.66 (090400-213742215):23)
10-25 13:00:18.754  1947 27224 E bspn    : 	at oje.run(:com.google.android.gms@14366028@14.3.66 (090400-213742215):1)
10-25 13:00:18.754  1947 27224 E bspn    : 	at java.util.concurrent.ThreadPoolExecutor.runWorker(ThreadPoolExecutor.java:1162)
10-25 13:00:18.754  1947 27224 E bspn    : 	at java.util.concurrent.ThreadPoolExecutor$Worker.run(ThreadPoolExecutor.java:636)
10-25 13:00:18.754  1947 27224 E bspn    : 	at java.lang.Thread.run(Thread.java:764)
10-25 13:00:18.785   875  3027 W BroadcastQueue: Background execution not allowed: receiving Intent { act=android.intent.action.PACKAGE_ADDED dat=package:ca.cbc.mobile.android.cbcnewsandroidwebview flg=0x4000010 (has extras) } to com.google.android.googlequicksearchbox/com.google.android.apps.gsa.googlequicksearchbox.GelStubAppWatcher
10-25 13:00:18.792   875  3682 I ActivityManager: START u0 {flg=0x10800000 cmp=com.estrongs.android.pop/.app.InstallMonitorActivity (has extras)} from uid 10009
10-25 13:00:18.792  1947 27231 I Auth    : [SupervisedAccountIntentOperation] onHandleIntent(): android.intent.action.PACKAGE_ADDED
10-25 13:00:18.792  1947 27231 I Auth    : [SupervisedAccountIntentOperation] This operation is disabled
10-25 13:00:18.797   672   672 D QCOM PowerHAL: LAUNCH HINT: ON
10-25 13:00:18.798   672   672 D QCOM PowerHAL: Activity launch hint handled
10-25 13:00:18.801  1947 27230 I ChromeSync: [Sync,SyncIntentOperation] Handling the intent: Intent { act=android.intent.action.PACKAGE_ADDED dat=package:ca.cbc.mobile.android.cbcnewsandroidwebview flg=0x4000010 cmp=com.google.android.gms/.chimera.GmsIntentOperationService (has extras) }.
10-25 13:00:18.806  1391  1391 D CarrierSvcBindHelper: No carrier app for: 0
10-25 13:00:18.815  2978  2978 D RegisteredNfcFServicesCache: Service unchanged, not updating
10-25 13:00:18.815  1391  1391 D CarrierConfigLoader: mHandler: 9 phoneId: 0
10-25 13:00:18.857 24426 24426 I Finsky  : [2] com.google.android.finsky.p2p.f.run(3): Wrote row to frosting DB: 1582
10-25 13:00:18.859 24426 24426 I Finsky  : [2] com.google.android.finsky.scheduler.bp.a(66): Jobs in database: 1-1337 12-1 26-1414141414 
10-25 13:00:18.864 24426 24426 I Finsky  : [2] com.google.android.finsky.scheduler.l.a(70): ConstraintMapping: 1-1337, 12-1,  -> L: 14904ms, D: 86399904ms, C: false, I: false, N: 1
10-25 13:00:18.876 24426 24426 I Finsky  : [2] com.google.android.finsky.scheduler.l.a(70): ConstraintMapping: 26-1414141414,  -> L: 42300254ms, D: 43200254ms, C: false, I: false, N: 0
10-25 13:00:18.881 24426 24426 I Finsky  : [2] com.google.android.finsky.scheduler.JobSchedulerEngine.a(108): Cancelling existing job with id: 9002
10-25 13:00:18.891 24426 24426 I Finsky  : [2] com.google.android.finsky.scheduler.JobSchedulerEngine.a(108): Cancelling existing job with id: 9001
10-25 13:00:18.894 24426 24426 I Finsky  : [2] com.google.android.finsky.scheduler.JobSchedulerEngine.a(65): Throttling wakeup for job 9000 (expected to run in 14904 ms) due to recent wakeup
10-25 13:00:18.895 24426 24426 I Finsky  : [2] com.google.android.finsky.scheduler.JobSchedulerEngine.a(47): Scheduling job Id: 9000, L: 30000, D: 86399904, C: false, I: false, N: 1
10-25 13:00:18.898  1947 27094 W Conscrypt: Could not set socket write timeout: java.net.SocketException: Socket closed
10-25 13:00:18.898  1947 27094 W Conscrypt: 	at com.google.android.gms.org.conscrypt.Platform.setSocketWriteTimeout(:com.google.android.gms@14366028@14.3.66 (090400-213742215):2)
10-25 13:00:18.898  1947 27094 W Conscrypt: 	at com.google.android.gms.org.conscrypt.ConscryptFileDescriptorSocket.setSoWriteTimeout(:com.google.android.gms@14366028@14.3.66 (090400-213742215):2)
10-25 13:00:18.905   875   875 I Telecom : DefaultDialerCache: Refreshing default dialer for user 0: now com.google.android.dialer: DDC.oR@HMs
10-25 13:00:18.906 24426 24426 I Finsky  : [2] com.google.android.finsky.scheduler.JobSchedulerEngine.a(47): Scheduling job Id: 9003, L: 42300254, D: 43200254, C: false, I: false, N: 0
10-25 13:00:18.913  1947 27094 W Conscrypt: Could not set socket write timeout: java.net.SocketException: Socket closed
10-25 13:00:18.913  1947 27094 W Conscrypt: 	at com.google.android.gms.org.conscrypt.Platform.setSocketWriteTimeout(:com.google.android.gms@14366028@14.3.66 (090400-213742215):2)
10-25 13:00:18.913  1947 27094 W Conscrypt: 	at com.google.android.gms.org.conscrypt.ConscryptFileDescriptorSocket.setSoWriteTimeout(:com.google.android.gms@14366028@14.3.66 (090400-213742215):2)
10-25 13:00:18.926   650  1054 D sound_trigger_hw: stdev_stop_recognition:[1] Enter
10-25 13:00:18.926   650  1054 D sound_trigger_hw: dereg_hal_event_session: ST_EVENT_SESSION_DEREGISTER capture_handle 454 pcm 0xe8f32c40
10-25 13:00:18.926   650  1054 I sound_trigger_hw: cpe_stop:[1] Enter
10-25 13:00:18.941   650  1054 D sound_trigger_hw: cpe_stop:[1] Exit, status=0
10-25 13:00:18.941   650  1054 D sound_trigger_hw: sound_trigger_set_device: disable device (1) = listen-cpe-handset-mic
10-25 13:00:18.950   650  1054 D sound_trigger_hw: cpe_dereg_sm_params:[1] Enter
10-25 13:00:18.950   650  1054 D sound_trigger_hw: stdev_stop_recognition:[1] Exit status 0
10-25 13:00:18.952  2382  2382 I GsaVoiceInteractionSrv: Stop Hotword Recognition status: true
10-25 13:00:19.039  2929  3985 W AdvertisingIdClient: Error while reading from SharedPreferences 
10-25 13:00:19.039  2929  3985 W AdvertisingIdClient: java.lang.SecurityException: MODE_WORLD_READABLE no longer supported
10-25 13:00:19.039  2929  3985 W AdvertisingIdClient: 	at android.app.ContextImpl.checkMode(ContextImpl.java:2420)
10-25 13:00:19.039  2929  3985 W AdvertisingIdClient: 	at android.app.ContextImpl.getSharedPreferences(ContextImpl.java:382)
10-25 13:00:19.039  2929  3985 W AdvertisingIdClient: 	at android.app.ContextImpl.getSharedPreferences(ContextImpl.java:372)
10-25 13:00:19.039  2929  3985 W AdvertisingIdClient: 	at com.google.android.gms.ads.identifier.AdvertisingIdClient.getAdvertisingIdInfo(Unknown Source:12)
10-25 13:00:19.039  2929  3985 W AdvertisingIdClient: 	at com.duapps.ad.base.GoogleAdvertisingIdHelper.getAdIdNormal(Unknown Source:1)
10-25 13:00:19.039  2929  3985 W AdvertisingIdClient: 	at com.duapps.ad.base.GoogleAdvertisingIdHelper.getAdId(Unknown Source:18)
10-25 13:00:19.039  2929  3985 W AdvertisingIdClient: 	at com.duapps.ad.base.HttpParamsHelper.commonParams(Unknown Source:30)
10-25 13:00:19.039  2929  3985 W AdvertisingIdClient: 	at com.duapps.ad.base.ToolCacheManager$3.run(Unknown Source:12)
10-25 13:00:19.039  2929  3985 W AdvertisingIdClient: 	at java.util.concurrent.ThreadPoolExecutor.runWorker(ThreadPoolExecutor.java:1162)
10-25 13:00:19.039  2929  3985 W AdvertisingIdClient: 	at java.util.concurrent.ThreadPoolExecutor$Worker.run(ThreadPoolExecutor.java:636)
10-25 13:00:19.039  2929  3985 W AdvertisingIdClient: 	at java.lang.Thread.run(Thread.java:764)
10-25 13:00:19.042  1947  4034 I Icing   : IndexChimeraService.getServiceInterface callingPackage=com.google.android.gms componentName=AppsCorpus serviceId=32
10-25 13:00:19.042  1947  4320 I Icing   : IndexChimeraService.getServiceInterface callingPackage=com.google.android.gms componentName=AppsCorpus serviceId=36
10-25 13:00:19.073   650  1054 D sound_trigger_hw: stdev_start_recognition:[1] Enter
10-25 13:00:19.073   650  1054 D sound_trigger_platform: platform_stdev_is_session_allowed: stdev->audio_concurrency_active 0 session_allowed 1
10-25 13:00:19.073   650  1054 D sound_trigger_hw: get_confidence_levels_payload: No smlib for uuid, sending opaque data
10-25 13:00:19.073   650  1054 D sound_trigger_platform: platform_stdev_send_hwmad_cal: previous acdb_id 128 new acdb_id 128, sw_mad 0 return
10-25 13:00:19.073   650  1054 D sound_trigger_platform: platform_stdev_send_calibration: sending afe calibration for device(1) acdb_id(128)
10-25 13:00:19.073   650  1054 I ACDB-LOADER: ACDB AFE returned = -19
10-25 13:00:19.073   650  1054 D sound_trigger_hw: sound_trigger_set_device: enable device (1) = listen-cpe-handset-mic
10-25 13:00:19.073   650  1054 D audio_route: Apply path: listen-cpe-handset-mic
10-25 13:00:19.093   650  1054 D sound_trigger_hw: cpe_reg_sm_params:[1] Enter
10-25 13:00:19.094   650  1054 D sound_trigger_hw: configure_lab: media_cfg format=0, packing=1, events=0, mode=1
10-25 13:00:19.097   672   672 D QCOM PowerHAL: LAUNCH HINT: OFF
10-25 13:00:19.118  1947 27251 I Icing   : Usage reports ok 1, Failed Usage reports 0, indexed 0, rejected 0, imm upload false
10-25 13:00:19.129   650  1054 D sound_trigger_hw: cpe_reg_sm_params:[1] Exit, status=0
10-25 13:00:19.129   650  1054 D sound_trigger_hw: reg_hal_event_session: ST_EVENT_SESSION_REGISTER capture_handle 454 pcm 0xe8f32c40
10-25 13:00:19.129   650  1054 D sound_trigger_hw: cpe_start:[1] Enter
10-25 13:00:19.129  2929 27248 W System.err: java.io.FileNotFoundException: http://www.estrongs.com/console/service/sample/index.php?source=ESF&country=ca&unique_id=WPZc/LeBVzVddv3wEvc0WA==
10-25 13:00:19.130  2929 27248 W System.err: 	at com.android.okhttp.internal.huc.HttpURLConnectionImpl.getInputStream(HttpURLConnectionImpl.java:251)
10-25 13:00:19.130  2929 27248 W System.err: 	at com.estrongs.android.util.u.l(Unknown Source:488)
10-25 13:00:19.130  2929 27248 W System.err: 	at com.estrongs.android.util.u.a(Unknown Source:0)
10-25 13:00:19.130  2929 27248 W System.err: 	at com.estrongs.android.util.u$2.run(Unknown Source:2)
10-25 13:00:19.130  2929 27086 W OkHttpClient: A connection to http://conf.international.baidu.com/ was leaked. Did you forget to close a response body?
10-25 13:00:19.133   650  1054 D sound_trigger_hw: cpe_start:[1] Exit, status=0
10-25 13:00:19.133   650  1054 D sound_trigger_hw: stdev_start_recognition:[1] Exit status 0
10-25 13:00:19.134   875  3036 I SoundTriggerHelper: startRecognition successful.
10-25 13:00:19.135  2382  2382 I GsaVoiceInteractionSrv: Start Hotword Recognition Status: true
10-25 13:00:19.138  1947 27246 I CastDatabase: Saving the database
10-25 13:00:19.149  1947 27251 I Icing   : Usage reports ok 0, Failed Usage reports 0, indexed 0, rejected 0, imm upload false
10-25 13:00:19.162  1947 27246 I SQLiteCastStore: [CastNetworkInfo] saved: 7, skipped: 0, [CastDeviceInfo]: saved 43, skipped 0, Paired Guest Mode DeviceInfo] saved: 0, skipped: 0. [ProbedNetworks]: saved 41, skipped: 2, [ProbedSocketAddress]: saved 0, skipped: 0
10-25 13:00:19.356  1947 27224 I SingleHostAsyncVerifier: Verification result: checking for a statement with source b <
10-25 13:00:19.356  1947 27224 I SingleHostAsyncVerifier:   a: "https://www.cbc.ca"
10-25 13:00:19.356  1947 27224 I SingleHostAsyncVerifier: >
10-25 13:00:19.356  1947 27224 I SingleHostAsyncVerifier: , relation delegate_permission/common.handle_all_urls, and target a <
10-25 13:00:19.356  1947 27224 I SingleHostAsyncVerifier:   a <
10-25 13:00:19.356  1947 27224 I SingleHostAsyncVerifier:     a: "3D:8A:10:88:7C:EA:5C:09:8E:FD:E9:9F:23:A1:5C:D2:18:F8:AA:6F:F3:46:E4:6E:09:A1:2A:79:24:6A:70:EB"
10-25 13:00:19.356  1947 27224 I SingleHostAsyncVerifier:   >
10-25 13:00:19.356  1947 27224 I SingleHostAsyncVerifier:   b: "ca.cbc.mobile.android.cbcnewsandroidwebview"
10-25 13:00:19.356  1947 27224 I SingleHostAsyncVerifier: >
10-25 13:00:19.356  1947 27224 I SingleHostAsyncVerifier:  --> true.
10-25 13:00:19.357  1947 27222 I IntentFilterIntentOp: Verification 11 complete. Success:true. Failed hosts:.
10-25 13:00:19.603  2929 27254 W System.err: java.io.FileNotFoundException: http://conf.international.baidu.com/index.php/Sample/getConf?source=ESF&country=ca&unique_id=WPZc/LeBVzVddv3wEvc0WA==
10-25 13:00:19.604  2929 27254 W System.err: 	at com.android.okhttp.internal.huc.HttpURLConnectionImpl.getInputStream(HttpURLConnectionImpl.java:251)
10-25 13:00:19.604  2929 27254 W System.err: 	at com.estrongs.android.util.u.l(Unknown Source:488)
10-25 13:00:19.604  2929 27254 W System.err: 	at com.estrongs.android.util.u.a(Unknown Source:0)
10-25 13:00:19.604  2929 27254 W System.err: 	at com.estrongs.android.util.u$2.run(Unknown Source:2)
10-25 13:00:20.181  1947 27251 I Icing   : Indexing com.google.android.gms-apps from com.google.android.gms
10-25 13:00:20.310  1947 27251 I Icing   : Indexing com.google.android.gms-internal.3p:MobileApplication from com.google.android.gms
10-25 13:00:20.351  1947 27251 I Icing   : Indexing done com.google.android.gms-apps
10-25 13:00:20.354  1947 27251 I Icing   : Indexing com.google.android.gms-internal.3p:DigitalDocument from com.google.android.gms
10-25 13:00:20.370  1947 27251 I Icing   : Indexing com.google.android.gms-internal.3p:Message from com.google.android.gms
10-25 13:00:20.383  1947 27251 I Icing   : Indexing done com.google.android.gms-internal.3p:MobileApplication
10-25 13:00:20.384  1947 27251 I Icing   : Indexing com.google.android.gms-internal.3p:Photograph from com.google.android.gms
10-25 13:00:20.393  1947 27251 I Icing   : Indexing com.google.android.gms-internal.3p:MusicRecording from com.google.android.gms
10-25 13:00:20.405  1947 27251 I Icing   : Indexing done com.google.android.gms-internal.3p:DigitalDocument
10-25 13:00:20.410  1947 27251 I Icing   : Indexing done com.google.android.gms-internal.3p:Message
10-25 13:00:20.415  1947 27251 I Icing   : Indexing done com.google.android.gms-internal.3p:Photograph
10-25 13:00:20.419  1947 27251 I Icing   : Indexing done com.google.android.gms-internal.3p:MusicRecording
10-25 13:00:21.265   875 22320 I chatty  : uid=1000(system) Binder:875_15 expire 148 lines
10-25 13:00:21.499  1947  1947 V MediaRouter: Removing route: UserRouteInfo{ name=AV Platform, description=BRAVIA 4K GB, status=null, category=RouteCategory{ name=Devices types=ROUTE_TYPE_USER  groupable=false }, supportedTypes=ROUTE_TYPE_USER , presentationDisplay=null }
10-25 13:00:21.500  1947 27251 W MdnsDeviceScannerEntry: Invalid remote control notifications enabled status; 0
10-25 13:00:21.502   875 26055 I chatty  : uid=1000(system) Binder:875_16 expire 24 lines
10-25 13:00:21.577   875 22320 I chatty  : uid=1000(system) Binder:875_15 expire 447 lines
10-25 13:00:21.822  1947 27251 I MiniDeviceController: [MiniDeviceController-1] ACTIVATE (AV Platform) 001A11FF6F32
10-25 13:00:21.822  1947 27251 I MiniDeviceController: [MiniDeviceController-1] connecting to /10.147.16.90
10-25 13:00:21.826   875 26055 I chatty  : uid=1000(system) Binder:875_16 expire 26 lines
10-25 13:00:21.871  1947 27251 I MiniDeviceController: [MiniDeviceController-1] Sending text message to AV Platform: (ns=urn:x-cast:com.google.cast.tp.connection, dest=receiver-0) {"type":"CONNECT","package":"gms_cast_prober","origin":{}}
10-25 13:00:21.872  1947 27251 I MiniDeviceController: [MiniDeviceController-1] Sending text message to AV Platform: (ns=urn:x-cast:com.google.cast.receiver, dest=receiver-0) {"type":"GET_STATUS","requestId":2}
10-25 13:00:21.872  1947 27251 I MiniDeviceController: [MiniDeviceController-1] Sending text message to AV Platform: (ns=urn:x-cast:com.google.cast.receiver.discovery, dest=receiver-0) {"requestId":3,"type":"GET_DEVICE_INFO"}
10-25 13:00:21.883  1947 27246 I MiniDeviceController: [MiniDeviceController-1] Discovery info: {"controlNotifications":1,"deviceIconUrl":"\/setup\/icon.png","deviceId":"620a04d66b96b00e86e65da31d837414","deviceModel":"BRAVIA 4K GB","friendlyName":"AV Platform","receiverMetricsId":"","requestId":3,"type":"DEVICE_INFO","wifiProximityId":"001A11FF6F32"}
10-25 13:00:21.887  1947 27246 I TcpDeviceProber: notifyProberSuccess Device("AV Platform" (620a04d66b96b00e86e65da31d837414)) supportedCriteria() notSupportedCriteria(%urn:x-cast:com.google.cast.media) statusText(null)
10-25 13:00:21.896   875  3036 I chatty  : uid=1000(system) Binder:875_C expire 1 line
10-25 13:00:21.992  1947 27246 I CastSocketMultiplexer: Stopping multiplexer...
10-25 13:00:21.993  1947  1947 V MediaRouter: Adding route: UserRouteInfo{ name=AV Platform, description=BRAVIA 4K GB, status=null, category=RouteCategory{ name=Devices types=ROUTE_TYPE_USER  groupable=false }, supportedTypes=ROUTE_TYPE_USER , presentationDisplay=null }
10-25 13:00:24.004  2929  3256 W AdvertisingIdClient: Error while reading from SharedPreferences 
10-25 13:00:24.004  2929  3256 W AdvertisingIdClient: java.lang.SecurityException: MODE_WORLD_READABLE no longer supported
10-25 13:00:24.004  2929  3256 W AdvertisingIdClient: 	at android.app.ContextImpl.checkMode(ContextImpl.java:2420)
10-25 13:00:24.004  2929  3256 W AdvertisingIdClient: 	at android.app.ContextImpl.getSharedPreferences(ContextImpl.java:382)
10-25 13:00:24.004  2929  3256 W AdvertisingIdClient: 	at android.app.ContextImpl.getSharedPreferences(ContextImpl.java:372)
10-25 13:00:24.004  2929  3256 W AdvertisingIdClient: 	at com.google.android.gms.ads.identifier.AdvertisingIdClient.getAdvertisingIdInfo(Unknown Source:12)
10-25 13:00:24.004  2929  3256 W AdvertisingIdClient: 	at com.duapps.ad.base.GoogleAdvertisingIdHelper.getAdIdNormal(Unknown Source:1)
10-25 13:00:24.004  2929  3256 W AdvertisingIdClient: 	at com.duapps.ad.base.GoogleAdvertisingIdHelper.getAdId(Unknown Source:18)
10-25 13:00:24.004  2929  3256 W AdvertisingIdClient: 	at com.duapps.ad.base.HttpParamsHelper.commonParams(Unknown Source:30)
10-25 13:00:24.004  2929  3256 W AdvertisingIdClient: 	at com.duapps.ad.stats.ToolStatsCore.pushToServer(Unknown Source:4)
10-25 13:00:24.004  2929  3256 W AdvertisingIdClient: 	at com.duapps.ad.stats.ToolStatsCore.report(Unknown Source:259)
10-25 13:00:24.004  2929  3256 W AdvertisingIdClient: 	at com.duapps.ad.stats.ToolStatsCore.handleMessage(Unknown Source:16)
10-25 13:00:24.004  2929  3256 W AdvertisingIdClient: 	at android.os.Handler.dispatchMessage(Handler.java:102)
10-25 13:00:24.004  2929  3256 W AdvertisingIdClient: 	at android.os.Looper.loop(Looper.java:164)
10-25 13:00:24.004  2929  3256 W AdvertisingIdClient: 	at android.os.HandlerThread.run(HandlerThread.java:65)
10-25 13:00:24.269 27263 27263 D AndroidRuntime: >>>>>> START com.android.internal.os.RuntimeInit uid 2000 <<<<<<
10-25 13:00:24.351 27263 27263 D ICU     : Timezone override file found: /data/misc/zoneinfo/current/icu/icu_tzdata.dat
10-25 13:00:24.368 27263 27263 I app_process: The ClassLoaderContext is a special shared library.
10-25 13:00:24.379  2929  3256 W AdvertisingIdClient: Error while reading from SharedPreferences 
10-25 13:00:24.379  2929  3256 W AdvertisingIdClient: java.lang.SecurityException: MODE_WORLD_READABLE no longer supported
10-25 13:00:24.379  2929  3256 W AdvertisingIdClient: 	at android.app.ContextImpl.checkMode(ContextImpl.java:2420)
10-25 13:00:24.379  2929  3256 W AdvertisingIdClient: 	at android.app.ContextImpl.getSharedPreferences(ContextImpl.java:382)
10-25 13:00:24.379  2929  3256 W AdvertisingIdClient: 	at android.app.ContextImpl.getSharedPreferences(ContextImpl.java:372)
10-25 13:00:24.379  2929  3256 W AdvertisingIdClient: 	at com.google.android.gms.ads.identifier.AdvertisingIdClient.getAdvertisingIdInfo(Unknown Source:12)
10-25 13:00:24.379  2929  3256 W AdvertisingIdClient: 	at com.duapps.ad.base.GoogleAdvertisingIdHelper.getAdIdNormal(Unknown Source:1)
10-25 13:00:24.379  2929  3256 W AdvertisingIdClient: 	at com.duapps.ad.base.GoogleAdvertisingIdHelper.getAdId(Unknown Source:18)
10-25 13:00:24.379  2929  3256 W AdvertisingIdClient: 	at com.duapps.ad.base.HttpParamsHelper.commonParams(Unknown Source:30)
10-25 13:00:24.379  2929  3256 W AdvertisingIdClient: 	at com.duapps.ad.stats.ToolStatsCore.pushToServer(Unknown Source:4)
10-25 13:00:24.379  2929  3256 W AdvertisingIdClient: 	at com.duapps.ad.stats.ToolStatsCore.report(Unknown Source:259)
10-25 13:00:24.379  2929  3256 W AdvertisingIdClient: 	at com.duapps.ad.stats.ToolStatsCore.handleMessage(Unknown Source:16)
10-25 13:00:24.379  2929  3256 W AdvertisingIdClient: 	at android.os.Handler.dispatchMessage(Handler.java:102)
10-25 13:00:24.379  2929  3256 W AdvertisingIdClient: 	at android.os.Looper.loop(Looper.java:164)
10-25 13:00:24.379  2929  3256 W AdvertisingIdClient: 	at android.os.HandlerThread.run(HandlerThread.java:65)
10-25 13:00:24.404 27263 27263 D AndroidRuntime: Calling main entry com.android.commands.pm.Pm
10-25 13:00:24.413 27263 27263 I app_process: System.exit called, status: 0
10-25 13:00:24.413 27263 27263 I AndroidRuntime: VM exiting with result code 0.
10-25 13:00:24.870 27284 27284 D AndroidRuntime: >>>>>> START com.android.internal.os.RuntimeInit uid 2000 <<<<<<
10-25 13:00:24.877 27284 27284 W /system/bin/app_process32: Could not reserve sentinel fault page
10-25 13:00:24.955 27284 27284 D ICU     : Timezone override file found: /data/misc/zoneinfo/current/icu/icu_tzdata.dat
10-25 13:00:25.129 27284 27284 D AndroidRuntime: Calling main entry com.koushikdutta.vysor.ProtocolVersionMain
10-25 13:00:25.131 27284 27284 D AndroidRuntime: Shutting down VM
10-25 13:00:26.491   672   672 E QCOM PowerHAL: extract_stats: failed to open: /d/wlan_wcnss/power_stats Error = No such file or directory
10-25 13:00:26.492   875   911 I chatty  : uid=1000(system) batterystats-wo expire 3 lines
10-25 13:00:26.499  2929  2929 W Settings: Setting stay_on_while_plugged_in has moved from android.provider.Settings.System to android.provider.Settings.Global, returning read-only value.
10-25 13:00:26.515   875   911 E BatteryExternalStatsWorker: no controller energy info supplied for wifi
10-25 13:00:26.519   875   911 E BatteryExternalStatsWorker: no controller energy info supplied for bluetooth
10-25 13:00:26.576   672   672 E QCOM PowerHAL: extract_stats: failed to open: /d/wlan_wcnss/power_stats Error = No such file or directory
10-25 13:00:31.680   673   896 I nanohub : osLog: [AR_CHRE] still: 53
10-25 13:00:31.682   673   896 I nanohub : osLog: [AR_CHRE] ON => IDLE
10-25 13:00:35.435   673   896 I nanohub : osLog: [AR_CHRE] IDLE => ON
10-25 13:00:37.889   650  8051 I ACDB-LOADER: ACDB AFE returned = -19
10-25 13:00:37.889   650  8051 D hardware_info: hw_info_append_hw_type : device_name = speaker
10-25 13:00:37.889   650  8051 D audio_hw_primary: enable_snd_device: snd_device(2: speaker)
10-25 13:00:37.890   650  8051 D audio_route: Apply path: speaker
10-25 13:00:37.890   650  8051 D audio_hw_primary: enable_audio_route: usecase(1) apply and update mixer path: low-latency-playback speaker
10-25 13:00:37.890   650  8051 D audio_route: Apply path: low-latency-playback speaker
10-25 13:00:37.890   875  3027 I ActivityManager: START u0 {act=android.intent.action.MAIN cat=[android.intent.category.LAUNCHER] flg=0x10200000 cmp=ca.cbc.mobile.android.cbcnewsandroidwebview/ca.cbc.android.news.refresh.ui.SplashActivity bnds=[1123,1094][1393,1443]} from uid 10035
10-25 13:00:37.893  1915  1919 E ANDR-PERF-OPTSHANDLER: Warning: Resource [2, 0] not supported for core 1. Instead use resource for core 0
10-25 13:00:37.893  1915  1919 E ANDR-PERF-RESOURCEQS: Failed to apply optimization [2, 2, 0]
10-25 13:00:37.894   672   672 D QCOM PowerHAL: LAUNCH HINT: ON
10-25 13:00:37.897   672   672 D QCOM PowerHAL: Activity launch hint handled
10-25 13:00:37.919   875  3036 I ActivityManager: Start proc 27312:ca.cbc.mobile.android.cbcnewsandroidwebview/u0a470 for activity ca.cbc.mobile.android.cbcnewsandroidwebview/ca.cbc.android.news.refresh.ui.SplashActivity
10-25 13:00:37.923   650  8051 D audio_hw_primary: out_write: retry previous failed cal level set
10-25 13:00:37.989 27312 27312 I MultiDex: VM with version 2.1.0 has multidex support
10-25 13:00:37.989 27312 27312 I MultiDex: Installing application
10-25 13:00:37.989 27312 27312 I MultiDex: VM has multidex support, MultiDex support library is disabled.
10-25 13:00:37.995 27312 27312 W ComponentDiscovery: Application info not found.
10-25 13:00:37.995 27312 27312 W ComponentDiscovery: Could not retrieve metadata, returning empty list of registrars.
10-25 13:00:37.997 27312 27312 D FirebaseApp: com.google.firebase.auth.FirebaseAuth is not linked. Skipping initialization.
10-25 13:00:38.005 27312 27312 D FirebaseApp: com.google.firebase.crash.FirebaseCrash is not linked. Skipping initialization.
10-25 13:00:38.012 27312 27312 I FirebaseInitProvider: FirebaseApp initialization successful
10-25 13:00:38.015   650  1054 D sound_trigger_hw: stdev_stop_recognition:[1] Enter
10-25 13:00:38.015   650  1054 D sound_trigger_hw: dereg_hal_event_session: ST_EVENT_SESSION_DEREGISTER capture_handle 454 pcm 0xe8f32c40
10-25 13:00:38.015   650  1054 I sound_trigger_hw: cpe_stop:[1] Enter
10-25 13:00:38.030 27312 27330 D NetworkSecurityConfig: No Network Security Config specified, using platform default
10-25 13:00:38.035   650  1054 D sound_trigger_hw: cpe_stop:[1] Exit, status=0
10-25 13:00:38.035   650  1054 D sound_trigger_hw: sound_trigger_set_device: disable device (1) = listen-cpe-handset-mic
10-25 13:00:38.047   650  1054 D sound_trigger_hw: cpe_dereg_sm_params:[1] Enter
10-25 13:00:38.047   650  1054 D sound_trigger_hw: stdev_stop_recognition:[1] Exit status 0
10-25 13:00:38.049  2382  2382 I GsaVoiceInteractionSrv: Stop Hotword Recognition status: true
10-25 13:00:38.064 27312 27329 I FA      : App measurement is starting up, version: 12451
10-25 13:00:38.064 27312 27329 I FA      : To enable debug logging run: adb shell setprop log.tag.FA VERBOSE
10-25 13:00:38.065 27312 27329 I FA      : To enable faster debug mode event logging run:
10-25 13:00:38.065 27312 27329 I FA      :   adb shell setprop debug.firebase.analytics.app ca.cbc.mobile.android.cbcnewsandroidwebview
10-25 13:00:38.073 27312 27329 E FA      : AppMeasurementService not registered/enabled
10-25 13:00:38.074 27312 27329 E FA      : Uploading is not possible. App measurement disabled
10-25 13:00:38.120 27312 27312 I CrashlyticsCore: Initializing Crashlytics 2.3.14.151
10-25 13:00:38.265 27312 27312 D ccl_BaseCastManager: [v2.9.1] BaseCastManager is instantiated
10-25 13:00:38.265 27312 27312 D ccl_BaseCastManager: Version: 2.9.1
10-25 13:00:38.265 27312 27312 D ccl_BaseCastManager: Application ID: 4590D1C0
10-25 13:00:38.270 27312 27312 V MediaRouter: Adding route: RouteInfo{ name=Phone, description=null, status=null, category=RouteCategory{ name=System types=ROUTE_TYPE_LIVE_AUDIO ROUTE_TYPE_LIVE_VIDEO  groupable=false }, supportedTypes=ROUTE_TYPE_LIVE_AUDIO ROUTE_TYPE_LIVE_VIDEO , presentationDisplay=null }
10-25 13:00:38.273 27312 27312 V MediaRouter: Selecting route: RouteInfo{ name=Phone, description=null, status=null, category=RouteCategory{ name=System types=ROUTE_TYPE_LIVE_AUDIO ROUTE_TYPE_LIVE_VIDEO  groupable=false }, supportedTypes=ROUTE_TYPE_LIVE_AUDIO ROUTE_TYPE_LIVE_VIDEO , presentationDisplay=null }
