10-25 13:00:16.180 27211 27211 W dex2oat : Method processed more than once: void com.fasterxml.jackson.databind.ser.std.ArraySerializerBase.<init>(com.fasterxml.jackson.databind.ser.std.ArraySerializerBase, com.fasterxml.jackson.databind.BeanProperty)
10-25 13:00:16.180 27211 27219 W dex2oat : Method processed more than once: void com.fasterxml.jackson.databind.ser.std.StdScalarSerializer.<init>(java.lang.Class)
10-25 13:00:16.180 27211 27218 W dex2oat : Method processed more than once: void com.fasterxml.jackson.databind.ser.std.AsArraySerializerBase.<init>(java.lang.Class, com.fasterxml.jackson.databind.JavaType, boolean, com.fasterxml.jackson.databind.jsontype.TypeSerializer, com.fasterxml.jackson.databind.BeanProperty, com.fasterxml.jackson.databind.JsonSerializer)
10-25 13:00:16.180 27211 27219 W dex2oat : Method processed more than once: void com.fasterxml.jackson.databind.ser.std.StdScalarSerializer.<init>(java.lang.Class, boolean)
10-25 13:00:16.180 27211 27211 W dex2oat : Method processed more than once: void com.fasterxml.jackson.databind.ser.std.ArraySerializerBase.<init>(java.lang.Class)
10-25 13:00:16.180 27211 27219 W dex2oat : Method processed more than once: void com.fasterxml.jackson.databind.ser.std.StdScalarSerializer.acceptJsonFormatVisitor(com.fasterxml.jackson.databind.jsonFormatVisitors.JsonFormatVisitorWrapper, com.fasterxml.jackson.databind.JavaType)
10-25 13:00:16.180 27211 27219 W dex2oat : Method processed more than once: com.fasterxml.jackson.databind.JsonNode com.fasterxml.jackson.databind.ser.std.StdScalarSerializer.getSchema(com.fasterxml.jackson.databind.SerializerProvider, java.lang.reflect.Type)
10-25 13:00:16.181 27211 27211 W dex2oat : Method processed more than once: void com.fasterxml.jackson.databind.ser.std.ArraySerializerBase.<init>(java.lang.Class, com.fasterxml.jackson.databind.BeanProperty)
10-25 13:00:16.181 27211 27218 W dex2oat : Method processed more than once: com.fasterxml.jackson.databind.JsonSerializer com.fasterxml.jackson.databind.ser.std.AsArraySerializerBase._findAndAddDynamic(com.fasterxml.jackson.databind.ser.impl.PropertySerializerMap, com.fasterxml.jackson.databind.JavaType, com.fasterxml.jackson.databind.SerializerProvider)
10-25 13:00:16.181 27211 27211 W dex2oat : Method processed more than once: void com.fasterxml.jackson.databind.ser.std.ArraySerializerBase.serialize(java.lang.Object, com.fasterxml.jackson.core.JsonGenerator, com.fasterxml.jackson.databind.SerializerProvider)
10-25 13:00:16.181 27211 27219 W dex2oat : Method processed more than once: void com.fasterxml.jackson.databind.ser.std.StdScalarSerializer.serializeWithType(java.lang.Object, com.fasterxml.jackson.core.JsonGenerator, com.fasterxml.jackson.databind.SerializerProvider, com.fasterxml.jackson.databind.jsontype.TypeSerializer)
10-25 13:00:16.181 27211 27218 W dex2oat : Method processed more than once: com.fasterxml.jackson.databind.JsonSerializer com.fasterxml.jackson.databind.ser.std.AsArraySerializerBase._findAndAddDynamic(com.fasterxml.jackson.databind.ser.impl.PropertySerializerMap, java.lang.Class, com.fasterxml.jackson.databind.SerializerProvider)
10-25 13:00:16.181 27211 27211 W dex2oat : Method processed more than once: void com.fasterxml.jackson.databind.ser.std.ArraySerializerBase.serializeWithType(java.lang.Object, com.fasterxml.jackson.core.JsonGenerator, com.fasterxml.jackson.databind.SerializerProvider, com.fasterxml.jackson.databind.jsontype.TypeSerializer)
10-25 13:00:16.181 27211 27218 W dex2oat : Method processed more than once: void com.fasterxml.jackson.databind.ser.std.AsArraySerializerBase.acceptJsonFormatVisitor(com.fasterxml.jackson.databind.jsonFormatVisitors.JsonFormatVisitorWrapper, com.fasterxml.jackson.databind.JavaType)
10-25 13:00:16.181 27211 27211 W dex2oat : Method processed more than once: void com.fasterxml.jackson.databind.ser.std.DateTimeSerializerBase.<init>(java.lang.Class, boolean, java.text.DateFormat)
10-25 13:00:16.181 27211 27218 W dex2oat : Method processed more than once: com.fasterxml.jackson.databind.JsonSerializer com.fasterxml.jackson.databind.ser.std.AsArraySerializerBase.createContextual(com.fasterxml.jackson.databind.SerializerProvider, com.fasterxml.jackson.databind.BeanProperty)
10-25 13:00:16.181 27211 27218 W dex2oat : Method processed more than once: com.fasterxml.jackson.databind.JsonSerializer com.fasterxml.jackson.databind.ser.std.AsArraySerializerBase.getContentSerializer()
10-25 13:00:16.181 27211 27218 W dex2oat : Method processed more than once: com.fasterxml.jackson.databind.JavaType com.fasterxml.jackson.databind.ser.std.AsArraySerializerBase.getContentType()
10-25 13:00:16.181 27211 27211 W dex2oat : Method processed more than once: void com.fasterxml.jackson.databind.ser.std.DateTimeSerializerBase.acceptJsonFormatVisitor(com.fasterxml.jackson.databind.jsonFormatVisitors.JsonFormatVisitorWrapper, com.fasterxml.jackson.databind.JavaType)
10-25 13:00:16.182 27211 27218 W dex2oat : Method processed more than once: com.fasterxml.jackson.databind.JsonNode com.fasterxml.jackson.databind.ser.std.AsArraySerializerBase.getSchema(com.fasterxml.jackson.databind.SerializerProvider, java.lang.reflect.Type)
10-25 13:00:16.182 27211 27218 W dex2oat : Method processed more than once: void com.fasterxml.jackson.databind.ser.std.AsArraySerializerBase.serialize(java.lang.Object, com.fasterxml.jackson.core.JsonGenerator, com.fasterxml.jackson.databind.SerializerProvider)
10-25 13:00:16.182 27211 27218 W dex2oat : Method processed more than once: void com.fasterxml.jackson.databind.ser.std.AsArraySerializerBase.serializeWithType(java.lang.Object, com.fasterxml.jackson.core.JsonGenerator, com.fasterxml.jackson.databind.SerializerProvider, com.fasterxml.jackson.databind.jsontype.TypeSerializer)
10-25 13:00:16.182 27211 27211 W dex2oat : Method processed more than once: com.fasterxml.jackson.databind.JsonSerializer com.fasterxml.jackson.databind.ser.std.DateTimeSerializerBase.createContextual(com.fasterxml.jackson.databind.SerializerProvider, com.fasterxml.jackson.databind.BeanProperty)
10-25 13:00:16.182 27211 27211 W dex2oat : Method processed more than once: com.fasterxml.jackson.databind.JsonNode com.fasterxml.jackson.databind.ser.std.DateTimeSerializerBase.getSchema(com.fasterxml.jackson.databind.SerializerProvider, java.lang.reflect.Type)
10-25 13:00:16.182 27211 27211 W dex2oat : Method processed more than once: boolean com.fasterxml.jackson.databind.ser.std.DateTimeSerializerBase.isEmpty(java.lang.Object)
10-25 13:00:16.182 27211 27211 W dex2oat : Method processed more than once: void com.fasterxml.jackson.databind.ser.std.NonTypedScalarSerializerBase.<init>(java.lang.Class)
10-25 13:00:16.182 27211 27211 W dex2oat : Method processed more than once: void com.fasterxml.jackson.databind.ser.std.NonTypedScalarSerializerBase.serializeWithType(java.lang.Object, com.fasterxml.jackson.core.JsonGenerator, com.fasterxml.jackson.databind.SerializerProvider, com.fasterxml.jackson.databind.jsontype.TypeSerializer)
10-25 13:00:16.182 27211 27211 W dex2oat : Method processed more than once: void com.fasterxml.jackson.databind.ser.std.StaticListSerializerBase.<init>(java.lang.Class)
10-25 13:00:16.183 27211 27218 W dex2oat : Method processed more than once: void com.fasterxml.jackson.databind.ser.std.StdArraySerializers$TypedPrimitiveArraySerializer.<init>(com.fasterxml.jackson.databind.ser.std.StdArraySerializers$TypedPrimitiveArraySerializer, com.fasterxml.jackson.databind.BeanProperty, com.fasterxml.jackson.databind.jsontype.TypeSerializer)
10-25 13:00:16.183 27211 27211 W dex2oat : Method processed more than once: void com.fasterxml.jackson.databind.ser.std.StaticListSerializerBase.acceptJsonFormatVisitor(com.fasterxml.jackson.databind.jsonFormatVisitors.JsonFormatVisitorWrapper, com.fasterxml.jackson.databind.JavaType)
10-25 13:00:16.183 27211 27211 W dex2oat : Method processed more than once: com.fasterxml.jackson.databind.JsonNode com.fasterxml.jackson.databind.ser.std.StaticListSerializerBase.getSchema(com.fasterxml.jackson.databind.SerializerProvider, java.lang.reflect.Type)
10-25 13:00:16.183 27211 27211 W dex2oat : Method processed more than once: boolean com.fasterxml.jackson.databind.ser.std.StaticListSerializerBase.isEmpty(java.lang.Object)
10-25 13:00:16.183 27211 27211 W dex2oat : Method processed more than once: boolean com.fasterxml.jackson.databind.ser.std.StaticListSerializerBase.isEmpty(java.util.Collection)
10-25 13:00:16.183 27211 27218 W dex2oat : Method processed more than once: void com.fasterxml.jackson.databind.ser.std.StdArraySerializers$TypedPrimitiveArraySerializer.<init>(java.lang.Class)
10-25 13:00:16.247 27211 27219 W dex2oat : Method processed more than once: void com.google.ads.interactivemedia.v3.a.l.<init>()
10-25 13:00:16.247 27211 27219 W dex2oat : Method processed more than once: java.lang.Number com.google.ads.interactivemedia.v3.a.l.a()
10-25 13:00:16.247 27211 27219 W dex2oat : Method processed more than once: java.lang.String com.google.ads.interactivemedia.v3.a.l.b()
10-25 13:00:16.247 27211 27219 W dex2oat : Method processed more than once: double com.google.ads.interactivemedia.v3.a.l.c()
10-25 13:00:16.247 27211 27219 W dex2oat : Method processed more than once: long com.google.ads.interactivemedia.v3.a.l.d()
10-25 13:00:16.248 27211 27219 W dex2oat : Method processed more than once: int com.google.ads.interactivemedia.v3.a.l.e()
10-25 13:00:16.248 27211 27219 W dex2oat : Method processed more than once: boolean com.google.ads.interactivemedia.v3.a.l.f()
10-25 13:00:16.248 27211 27219 W dex2oat : Method processed more than once: boolean com.google.ads.interactivemedia.v3.a.l.g()
10-25 13:00:16.248 27211 27219 W dex2oat : Method processed more than once: boolean com.google.ads.interactivemedia.v3.a.l.h()
10-25 13:00:16.248 27211 27219 W dex2oat : Method processed more than once: boolean com.google.ads.interactivemedia.v3.a.l.i()
10-25 13:00:16.248 27211 27219 W dex2oat : Method processed more than once: boolean com.google.ads.interactivemedia.v3.a.l.j()
10-25 13:00:16.248 27211 27219 W dex2oat : Method processed more than once: com.google.ads.interactivemedia.v3.a.o com.google.ads.interactivemedia.v3.a.l.k()
10-25 13:00:16.248 27211 27219 W dex2oat : Method processed more than once: com.google.ads.interactivemedia.v3.a.i com.google.ads.interactivemedia.v3.a.l.l()
10-25 13:00:16.248 27211 27219 W dex2oat : Method processed more than once: com.google.ads.interactivemedia.v3.a.q com.google.ads.interactivemedia.v3.a.l.m()
10-25 13:00:16.248 27211 27219 W dex2oat : Method processed more than once: java.lang.Boolean com.google.ads.interactivemedia.v3.a.l.n()
10-25 13:00:16.248 27211 27219 W dex2oat : Method processed more than once: java.lang.String com.google.ads.interactivemedia.v3.a.l.toString()
10-25 13:00:16.266 27211 27219 W dex2oat : Method processed more than once: void com.google.android.gms.ads.AdListener.<init>()
10-25 13:00:16.266 27211 27219 W dex2oat : Method processed more than once: void com.google.android.gms.ads.AdListener.onAdClicked()
10-25 13:00:16.266 27211 27219 W dex2oat : Method processed more than once: void com.google.android.gms.ads.AdListener.onAdClosed()
10-25 13:00:16.266 27211 27219 W dex2oat : Method processed more than once: void com.google.android.gms.ads.AdListener.onAdFailedToLoad(int)
10-25 13:00:16.266 27211 27219 W dex2oat : Method processed more than once: void com.google.android.gms.ads.AdListener.onAdImpression()
10-25 13:00:16.266 27211 27219 W dex2oat : Method processed more than once: void com.google.android.gms.ads.AdListener.onAdLeftApplication()
10-25 13:00:16.266 27211 27219 W dex2oat : Method processed more than once: void com.google.android.gms.ads.AdListener.onAdLoaded()
10-25 13:00:16.266 27211 27219 W dex2oat : Method processed more than once: void com.google.android.gms.ads.AdListener.onAdOpened()
10-25 13:00:16.319 27211 27220 W dex2oat : Method processed more than once: void com.google.android.gms.ads.BaseAdView.<init>(android.content.Context, int)
10-25 13:00:16.319 27211 27220 W dex2oat : Method processed more than once: void com.google.android.gms.ads.BaseAdView.<init>(android.content.Context, android.util.AttributeSet, int)
10-25 13:00:16.319 27211 27220 W dex2oat : Method processed more than once: void com.google.android.gms.ads.BaseAdView.<init>(android.content.Context, android.util.AttributeSet, int, int)
10-25 13:00:16.319 27211 27220 W dex2oat : Method processed more than once: void com.google.android.gms.ads.BaseAdView.destroy()
10-25 13:00:16.319 27211 27220 W dex2oat : Method processed more than once: com.google.android.gms.ads.AdListener com.google.android.gms.ads.BaseAdView.getAdListener()
10-25 13:00:16.319 27211 27220 W dex2oat : Method processed more than once: com.google.android.gms.ads.AdSize com.google.android.gms.ads.BaseAdView.getAdSize()
10-25 13:00:16.319 27211 27220 W dex2oat : Method processed more than once: java.lang.String com.google.android.gms.ads.BaseAdView.getAdUnitId()
10-25 13:00:16.319 27211 27220 W dex2oat : Method processed more than once: java.lang.String com.google.android.gms.ads.BaseAdView.getMediationAdapterClassName()
10-25 13:00:16.319 27211 27220 W dex2oat : Method processed more than once: boolean com.google.android.gms.ads.BaseAdView.isLoading()
10-25 13:00:16.320 27211 27220 W dex2oat : Method processed more than once: void com.google.android.gms.ads.BaseAdView.loadAd(com.google.android.gms.ads.AdRequest)
10-25 13:00:16.320 27211 27220 W dex2oat : Method processed more than once: void com.google.android.gms.ads.BaseAdView.onLayout(boolean, int, int, int, int)
10-25 13:00:16.321 27211 27220 W dex2oat : Method processed more than once: void com.google.android.gms.ads.BaseAdView.onMeasure(int, int)
10-25 13:00:16.321 27211 27220 W dex2oat : Method processed more than once: void com.google.android.gms.ads.BaseAdView.pause()
10-25 13:00:16.321 27211 27220 W dex2oat : Method processed more than once: void com.google.android.gms.ads.BaseAdView.resume()
10-25 13:00:16.321 27211 27220 W dex2oat : Method processed more than once: void com.google.android.gms.ads.BaseAdView.setAdListener(com.google.android.gms.ads.AdListener)
10-25 13:00:16.321 27211 27220 W dex2oat : Method processed more than once: void com.google.android.gms.ads.BaseAdView.setAdSize(com.google.android.gms.ads.AdSize)
10-25 13:00:16.321 27211 27220 W dex2oat : Method processed more than once: void com.google.android.gms.ads.BaseAdView.setAdUnitId(java.lang.String)
10-25 13:00:16.322 27211 27219 W dex2oat : Method processed more than once: void com.google.android.gms.ads.formats.NativeAd$AdChoicesInfo.<init>()
10-25 13:00:16.322 27211 27218 W dex2oat : Method processed more than once: void com.google.android.gms.ads.formats.NativeAd.<init>()
10-25 13:00:16.323 27211 27220 W dex2oat : Method processed more than once: void com.google.android.gms.ads.formats.NativeAppInstallAd.<init>()
10-25 13:00:16.323 27211 27211 W dex2oat : Method processed more than once: void com.google.android.gms.ads.formats.NativeAd$Image.<init>()
10-25 13:00:16.323 27211 27211 W dex2oat : Method processed more than once: void com.google.android.gms.ads.formats.NativeContentAd.<init>()
10-25 13:00:16.324 27211 27218 W dex2oat : Method processed more than once: void com.google.android.gms.ads.formats.UnifiedNativeAd.<init>()
10-25 13:00:16.388 27211 27211 W dex2oat : Method processed more than once: void com.google.android.gms.common.stats.StatsEvent.<init>()
10-25 13:00:16.389 27211 27211 W dex2oat : Method processed more than once: java.lang.String com.google.android.gms.common.stats.StatsEvent.toString()
10-25 13:00:16.398 27211 27218 W dex2oat : Method processed more than once: void com.google.android.gms.internal.ads.zzek.<clinit>()
10-25 13:00:16.398 27211 27218 W dex2oat : Method processed more than once: void com.google.android.gms.internal.ads.zzek.<init>(java.lang.String)
10-25 13:00:16.398 27211 27218 W dex2oat : Method processed more than once: android.os.IBinder com.google.android.gms.internal.ads.zzek.asBinder()
10-25 13:00:16.398 27211 27218 W dex2oat : Method processed more than once: boolean com.google.android.gms.internal.ads.zzek.dispatchTransaction(int, android.os.Parcel, android.os.Parcel, int)
10-25 13:00:16.399 27211 27218 W dex2oat : Method processed more than once: boolean com.google.android.gms.internal.ads.zzek.onTransact(int, android.os.Parcel, android.os.Parcel, int)
10-25 13:00:16.399 27211 27219 W dex2oat : Method processed more than once: void com.google.android.gms.internal.ads.zzaaq.<init>()
10-25 13:00:16.399 27211 27219 W dex2oat : Method processed more than once: com.google.android.gms.internal.ads.zzaap com.google.android.gms.internal.ads.zzaaq.zzu(android.os.IBinder)
10-25 13:00:16.399 27211 27219 W dex2oat : Method processed more than once: boolean com.google.android.gms.internal.ads.zzaaq.dispatchTransaction(int, android.os.Parcel, android.os.Parcel, int)
10-25 13:00:16.401 27211 27219 W dex2oat : Method processed more than once: void com.google.android.gms.internal.ads.zzaeo.<init>()
10-25 13:00:16.402 27211 27219 W dex2oat : Method processed more than once: boolean com.google.android.gms.internal.ads.zzaeo.dispatchTransaction(int, android.os.Parcel, android.os.Parcel, int)
10-25 13:00:16.402 27211 27211 W dex2oat : Method processed more than once: void com.google.android.gms.internal.ads.zzaer.<init>()
10-25 13:00:16.402 27211 27211 W dex2oat : Method processed more than once: boolean com.google.android.gms.internal.ads.zzaer.dispatchTransaction(int, android.os.Parcel, android.os.Parcel, int)
10-25 13:00:16.408 27211 27220 W dex2oat : Method processed more than once: void com.google.android.gms.internal.ads.zzagv.<init>()
10-25 13:00:16.408 27211 27220 W dex2oat : Method processed more than once: boolean com.google.android.gms.internal.ads.zzagv.dispatchTransaction(int, android.os.Parcel, android.os.Parcel, int)
10-25 13:00:16.408 27211 27211 W dex2oat : Method processed more than once: void com.google.android.gms.internal.ads.zzaha.<init>()
10-25 13:00:16.408 27211 27211 W dex2oat : Method processed more than once: com.google.android.gms.internal.ads.zzagz com.google.android.gms.internal.ads.zzaha.zzy(android.os.IBinder)
10-25 13:00:16.409 27211 27211 W dex2oat : Method processed more than once: boolean com.google.android.gms.internal.ads.zzaha.dispatchTransaction(int, android.os.Parcel, android.os.Parcel, int)
10-25 13:00:16.409 27211 27219 W dex2oat : Method processed more than once: void com.google.android.gms.internal.ads.zzahf.<init>()
10-25 13:00:16.409 27211 27219 W dex2oat : Method processed more than once: com.google.android.gms.internal.ads.zzahe com.google.android.gms.internal.ads.zzahf.zzz(android.os.IBinder)
10-25 13:00:16.410 27211 27219 W dex2oat : Method processed more than once: boolean com.google.android.gms.internal.ads.zzahf.dispatchTransaction(int, android.os.Parcel, android.os.Parcel, int)
10-25 13:00:16.410 27211 27219 W dex2oat : Method processed more than once: void com.google.android.gms.internal.ads.zzaid.<init>()
10-25 13:00:16.410 27211 27219 W dex2oat : Method processed more than once: com.google.android.gms.internal.ads.zzaic com.google.android.gms.internal.ads.zzaid.zzaa(android.os.IBinder)
10-25 13:00:16.411 27211 27219 W dex2oat : Method processed more than once: boolean com.google.android.gms.internal.ads.zzaid.dispatchTransaction(int, android.os.Parcel, android.os.Parcel, int)
10-25 13:00:16.442 27211 27220 W dex2oat : Method processed more than once: void com.google.android.gms.internal.ads.zzbag.<init>()
10-25 13:00:16.524 27211 27220 W dex2oat : Method processed more than once: void com.google.android.gms.internal.ads.zzkf.<init>()
10-25 13:00:16.524 27211 27219 W dex2oat : Method processed more than once: void com.google.android.gms.internal.ads.zzkl.<init>()
10-25 13:00:16.524 27211 27220 W dex2oat : Method processed more than once: boolean com.google.android.gms.internal.ads.zzkf.dispatchTransaction(int, android.os.Parcel, android.os.Parcel, int)
10-25 13:00:16.524 27211 27218 W dex2oat : Method processed more than once: void com.google.android.gms.internal.ads.zzki.<init>()
10-25 13:00:16.524 27211 27220 W dex2oat : Method processed more than once: void com.google.android.gms.internal.ads.zzko.<init>()
10-25 13:00:16.524 27211 27219 W dex2oat : Method processed more than once: boolean com.google.android.gms.internal.ads.zzkl.dispatchTransaction(int, android.os.Parcel, android.os.Parcel, int)
10-25 13:00:16.524 27211 27218 W dex2oat : Method processed more than once: boolean com.google.android.gms.internal.ads.zzki.dispatchTransaction(int, android.os.Parcel, android.os.Parcel, int)
10-25 13:00:16.525 27211 27211 W dex2oat : Method processed more than once: void com.google.android.gms.internal.ads.zzkt.<init>()
10-25 13:00:16.525 27211 27211 W dex2oat : Method processed more than once: com.google.android.gms.internal.ads.zzks com.google.android.gms.internal.ads.zzkt.zzb(android.os.IBinder)
10-25 13:00:16.525 27211 27219 W dex2oat : Method processed more than once: void com.google.android.gms.internal.ads.zzky.<init>()
10-25 13:00:16.525 27211 27219 W dex2oat : Method processed more than once: com.google.android.gms.internal.ads.zzkx com.google.android.gms.internal.ads.zzky.zzc(android.os.IBinder)
10-25 13:00:16.525 27211 27219 W dex2oat : Method processed more than once: boolean com.google.android.gms.internal.ads.zzky.dispatchTransaction(int, android.os.Parcel, android.os.Parcel, int)
10-25 13:00:16.525 27211 27220 W dex2oat : Method processed more than once: boolean com.google.android.gms.internal.ads.zzko.dispatchTransaction(int, android.os.Parcel, android.os.Parcel, int)
10-25 13:00:16.525 27211 27220 W dex2oat : Method processed more than once: void com.google.android.gms.internal.ads.zzlb.<init>()
10-25 13:00:16.525 27211 27211 W dex2oat : Method processed more than once: boolean com.google.android.gms.internal.ads.zzkt.dispatchTransaction(int, android.os.Parcel, android.os.Parcel, int)
10-25 13:00:16.526 27211 27211 W dex2oat : Method processed more than once: void com.google.android.gms.internal.ads.zzle.<init>()
10-25 13:00:16.526 27211 27220 W dex2oat : Method processed more than once: com.google.android.gms.internal.ads.zzla com.google.android.gms.internal.ads.zzlb.zzd(android.os.IBinder)
10-25 13:00:16.526 27211 27211 W dex2oat : Method processed more than once: com.google.android.gms.internal.ads.zzld com.google.android.gms.internal.ads.zzle.asInterface(android.os.IBinder)
10-25 13:00:16.526 27211 27220 W dex2oat : Method processed more than once: boolean com.google.android.gms.internal.ads.zzlb.dispatchTransaction(int, android.os.Parcel, android.os.Parcel, int)
10-25 13:00:16.526 27211 27220 W dex2oat : Method processed more than once: void com.google.android.gms.internal.ads.zzlh.<init>()
10-25 13:00:16.526 27211 27211 W dex2oat : Method processed more than once: boolean com.google.android.gms.internal.ads.zzle.dispatchTransaction(int, android.os.Parcel, android.os.Parcel, int)
10-25 13:00:16.527 27211 27211 W dex2oat : Method processed more than once: void com.google.android.gms.internal.ads.zzlk.<init>()
10-25 13:00:16.527 27211 27220 W dex2oat : Method processed more than once: boolean com.google.android.gms.internal.ads.zzlh.dispatchTransaction(int, android.os.Parcel, android.os.Parcel, int)
10-25 13:00:16.527 27211 27211 W dex2oat : Method processed more than once: boolean com.google.android.gms.internal.ads.zzlk.dispatchTransaction(int, android.os.Parcel, android.os.Parcel, int)
10-25 13:00:16.527 27211 27211 W dex2oat : Method processed more than once: void com.google.android.gms.internal.ads.zzlp.<init>()
10-25 13:00:16.527 27211 27211 W dex2oat : Method processed more than once: com.google.android.gms.internal.ads.zzlo com.google.android.gms.internal.ads.zzlp.zze(android.os.IBinder)
10-25 13:00:16.527 27211 27211 W dex2oat : Method processed more than once: boolean com.google.android.gms.internal.ads.zzlp.dispatchTransaction(int, android.os.Parcel, android.os.Parcel, int)
10-25 13:00:16.528 27211 27218 W dex2oat : Method processed more than once: void com.google.android.gms.internal.ads.zzqb.<init>()
10-25 13:00:16.528 27211 27220 W dex2oat : Method processed more than once: void com.google.android.gms.internal.ads.zzqg.<init>()
10-25 13:00:16.528 27211 27220 W dex2oat : Method processed more than once: com.google.android.gms.internal.ads.zzqf com.google.android.gms.internal.ads.zzqg.zzj(android.os.IBinder)
10-25 13:00:16.528 27211 27218 W dex2oat : Method processed more than once: com.google.android.gms.internal.ads.zzqa com.google.android.gms.internal.ads.zzqb.zzi(android.os.IBinder)
10-25 13:00:16.528 27211 27220 W dex2oat : Method processed more than once: boolean com.google.android.gms.internal.ads.zzqg.dispatchTransaction(int, android.os.Parcel, android.os.Parcel, int)
10-25 13:00:16.529 27211 27218 W dex2oat : Method processed more than once: boolean com.google.android.gms.internal.ads.zzqb.dispatchTransaction(int, android.os.Parcel, android.os.Parcel, int)
10-25 13:00:16.529 27211 27219 W dex2oat : Method processed more than once: void com.google.android.gms.internal.ads.zzoe.<init>()
10-25 13:00:16.530 27211 27219 W dex2oat : Method processed more than once: com.google.android.gms.internal.ads.zzod com.google.android.gms.internal.ads.zzoe.zzf(android.os.IBinder)
10-25 13:00:16.530 27211 27218 W dex2oat : Method processed more than once: void com.google.android.gms.internal.ads.zzob.<init>()
10-25 13:00:16.530 27211 27219 W dex2oat : Method processed more than once: boolean com.google.android.gms.internal.ads.zzoe.dispatchTransaction(int, android.os.Parcel, android.os.Parcel, int)
10-25 13:00:16.530 27211 27218 W dex2oat : Method processed more than once: boolean com.google.android.gms.internal.ads.zzob.dispatchTransaction(int, android.os.Parcel, android.os.Parcel, int)
10-25 13:00:16.531 27211 27211 W dex2oat : Method processed more than once: void com.google.android.gms.internal.ads.zzpt.<init>()
10-25 13:00:16.531 27211 27211 W dex2oat : Method processed more than once: com.google.android.gms.internal.ads.zzps com.google.android.gms.internal.ads.zzpt.zzg(android.os.IBinder)
10-25 13:00:16.531 27211 27220 W dex2oat : Method processed more than once: void com.google.android.gms.internal.ads.zzpx.<init>()
10-25 13:00:16.531 27211 27220 W dex2oat : Method processed more than once: com.google.android.gms.internal.ads.zzpw com.google.android.gms.internal.ads.zzpx.zzh(android.os.IBinder)
10-25 13:00:16.531 27211 27220 W dex2oat : Method processed more than once: boolean com.google.android.gms.internal.ads.zzpx.dispatchTransaction(int, android.os.Parcel, android.os.Parcel, int)
10-25 13:00:16.531 27211 27218 W dex2oat : Method processed more than once: void com.google.android.gms.internal.ads.zzql.<init>()
10-25 13:00:16.531 27211 27211 W dex2oat : Method processed more than once: boolean com.google.android.gms.internal.ads.zzpt.dispatchTransaction(int, android.os.Parcel, android.os.Parcel, int)
10-25 13:00:16.532 27211 27218 W dex2oat : Method processed more than once: boolean com.google.android.gms.internal.ads.zzql.dispatchTransaction(int, android.os.Parcel, android.os.Parcel, int)
10-25 13:00:16.532 27211 27219 W dex2oat : Method processed more than once: void com.google.android.gms.internal.ads.zzqt.<init>()
10-25 13:00:16.532 27211 27220 W dex2oat : Method processed more than once: void com.google.android.gms.internal.ads.zzqp.<init>()
10-25 13:00:16.532 27211 27219 W dex2oat : Method processed more than once: com.google.android.gms.internal.ads.zzqs com.google.android.gms.internal.ads.zzqt.zzk(android.os.IBinder)
10-25 13:00:16.532 27211 27220 W dex2oat : Method processed more than once: boolean com.google.android.gms.internal.ads.zzqp.dispatchTransaction(int, android.os.Parcel, android.os.Parcel, int)
10-25 13:00:16.532 27211 27220 W dex2oat : Method processed more than once: void com.google.android.gms.internal.ads.zzra.<init>()
10-25 13:00:16.532 27211 27218 W dex2oat : Method processed more than once: void com.google.android.gms.internal.ads.zzrd.<init>()
10-25 13:00:16.532 27211 27211 W dex2oat : Method processed more than once: void com.google.android.gms.internal.ads.zzqx.<init>()
10-25 13:00:16.532 27211 27218 W dex2oat : Method processed more than once: com.google.android.gms.internal.ads.zzrc com.google.android.gms.internal.ads.zzrd.zzn(android.os.IBinder)
10-25 13:00:16.532 27211 27219 W dex2oat : Method processed more than once: boolean com.google.android.gms.internal.ads.zzqt.dispatchTransaction(int, android.os.Parcel, android.os.Parcel, int)
10-25 13:00:16.533 27211 27218 W dex2oat : Method processed more than once: boolean com.google.android.gms.internal.ads.zzrd.dispatchTransaction(int, android.os.Parcel, android.os.Parcel, int)
10-25 13:00:16.533 27211 27220 W dex2oat : Method processed more than once: com.google.android.gms.internal.ads.zzqz com.google.android.gms.internal.ads.zzra.zzm(android.os.IBinder)
10-25 13:00:16.533 27211 27218 W dex2oat : Method processed more than once: void com.google.android.gms.internal.ads.zzrg.<init>()
10-25 13:00:16.533 27211 27218 W dex2oat : Method processed more than once: com.google.android.gms.internal.ads.zzrf com.google.android.gms.internal.ads.zzrg.zzo(android.os.IBinder)
10-25 13:00:16.533 27211 27220 W dex2oat : Method processed more than once: boolean com.google.android.gms.internal.ads.zzra.dispatchTransaction(int, android.os.Parcel, android.os.Parcel, int)
10-25 13:00:16.533 27211 27218 W dex2oat : Method processed more than once: boolean com.google.android.gms.internal.ads.zzrg.dispatchTransaction(int, android.os.Parcel, android.os.Parcel, int)
10-25 13:00:16.533 27211 27218 W dex2oat : Method processed more than once: void com.google.android.gms.internal.ads.zzrm.<init>()
10-25 13:00:16.533 27211 27218 W dex2oat : Method processed more than once: com.google.android.gms.internal.ads.zzrl com.google.android.gms.internal.ads.zzrm.zzq(android.os.IBinder)
10-25 13:00:16.533 27211 27218 W dex2oat : Method processed more than once: boolean com.google.android.gms.internal.ads.zzrm.dispatchTransaction(int, android.os.Parcel, android.os.Parcel, int)
10-25 13:00:16.533 27211 27219 W dex2oat : Method processed more than once: void com.google.android.gms.internal.ads.zzrs.<init>()
10-25 13:00:16.534 27211 27219 W dex2oat : Method processed more than once: boolean com.google.android.gms.internal.ads.zzrs.dispatchTransaction(int, android.os.Parcel, android.os.Parcel, int)
10-25 13:00:16.534 27211 27211 W dex2oat : Method processed more than once: com.google.android.gms.internal.ads.zzqw com.google.android.gms.internal.ads.zzqx.zzl(android.os.IBinder)
10-25 13:00:16.534 27211 27211 W dex2oat : Method processed more than once: boolean com.google.android.gms.internal.ads.zzqx.dispatchTransaction(int, android.os.Parcel, android.os.Parcel, int)
10-25 13:00:16.538 27211 27218 W dex2oat : Method processed more than once: void com.google.android.gms.internal.ads.zzxo.<init>()
10-25 13:00:16.538 27211 27219 W dex2oat : Method processed more than once: void com.google.android.gms.internal.ads.zzxr.<init>()
10-25 13:00:16.538 27211 27218 W dex2oat : Method processed more than once: com.google.android.gms.internal.ads.zzxn com.google.android.gms.internal.ads.zzxo.zzr(android.os.IBinder)
10-25 13:00:16.538 27211 27218 W dex2oat : Method processed more than once: boolean com.google.android.gms.internal.ads.zzxo.dispatchTransaction(int, android.os.Parcel, android.os.Parcel, int)
10-25 13:00:16.538 27211 27218 W dex2oat : Method processed more than once: void com.google.android.gms.internal.ads.zzxu.<init>()
10-25 13:00:16.538 27211 27218 W dex2oat : Method processed more than once: com.google.android.gms.internal.ads.zzxt com.google.android.gms.internal.ads.zzxu.zzs(android.os.IBinder)
10-25 13:00:16.539 27211 27218 W dex2oat : Method processed more than once: boolean com.google.android.gms.internal.ads.zzxu.dispatchTransaction(int, android.os.Parcel, android.os.Parcel, int)
10-25 13:00:16.539 27211 27219 W dex2oat : Method processed more than once: boolean com.google.android.gms.internal.ads.zzxr.dispatchTransaction(int, android.os.Parcel, android.os.Parcel, int)
10-25 13:00:16.539 27211 27211 W dex2oat : Method processed more than once: void com.google.android.gms.internal.ads.zzya.<init>()
10-25 13:00:16.539 27211 27218 W dex2oat : Method processed more than once: void com.google.android.gms.internal.ads.zzyd.<init>()
10-25 13:00:16.539 27211 27218 W dex2oat : Method processed more than once: boolean com.google.android.gms.internal.ads.zzyd.dispatchTransaction(int, android.os.Parcel, android.os.Parcel, int)
10-25 13:00:16.540 27211 27220 W dex2oat : Method processed more than once: void com.google.android.gms.internal.ads.zzyg.<init>()
10-25 13:00:16.540 27211 27211 W dex2oat : Method processed more than once: boolean com.google.android.gms.internal.ads.zzya.dispatchTransaction(int, android.os.Parcel, android.os.Parcel, int)
10-25 13:00:16.540 27211 27220 W dex2oat : Method processed more than once: boolean com.google.android.gms.internal.ads.zzyg.dispatchTransaction(int, android.os.Parcel, android.os.Parcel, int)
10-25 13:00:16.604 27211 27211 W dex2oat : Method processed more than once: void com.google.android.libraries.cast.companionlibrary.cast.callbacks.BaseCastConsumerImpl.<init>()
10-25 13:00:16.604 27211 27211 W dex2oat : Method processed more than once: void com.google.android.libraries.cast.companionlibrary.cast.callbacks.BaseCastConsumerImpl.onCastAvailabilityChanged(boolean)
10-25 13:00:16.604 27211 27211 W dex2oat : Method processed more than once: void com.google.android.libraries.cast.companionlibrary.cast.callbacks.BaseCastConsumerImpl.onCastDeviceDetected(android.support.v7.media.MediaRouter$RouteInfo)
10-25 13:00:16.604 27211 27211 W dex2oat : Method processed more than once: void com.google.android.libraries.cast.companionlibrary.cast.callbacks.BaseCastConsumerImpl.onConnected()
10-25 13:00:16.604 27211 27211 W dex2oat : Method processed more than once: void com.google.android.libraries.cast.companionlibrary.cast.callbacks.BaseCastConsumerImpl.onConnectionFailed(com.google.android.gms.common.ConnectionResult)
10-25 13:00:16.604 27211 27211 W dex2oat : Method processed more than once: void com.google.android.libraries.cast.companionlibrary.cast.callbacks.BaseCastConsumerImpl.onConnectionSuspended(int)
10-25 13:00:16.604 27211 27211 W dex2oat : Method processed more than once: void com.google.android.libraries.cast.companionlibrary.cast.callbacks.BaseCastConsumerImpl.onConnectivityRecovered()
10-25 13:00:16.605 27211 27211 W dex2oat : Method processed more than once: void com.google.android.libraries.cast.companionlibrary.cast.callbacks.BaseCastConsumerImpl.onDeviceSelected(com.google.android.gms.cast.CastDevice, android.support.v7.media.MediaRouter$RouteInfo)
10-25 13:00:16.605 27211 27211 W dex2oat : Method processed more than once: void com.google.android.libraries.cast.companionlibrary.cast.callbacks.BaseCastConsumerImpl.onDisconnected()
10-25 13:00:16.605 27211 27211 W dex2oat : Method processed more than once: void com.google.android.libraries.cast.companionlibrary.cast.callbacks.BaseCastConsumerImpl.onDisconnectionReason(int)
10-25 13:00:16.605 27211 27211 W dex2oat : Method processed more than once: void com.google.android.libraries.cast.companionlibrary.cast.callbacks.BaseCastConsumerImpl.onFailed(int, int)
10-25 13:00:16.605 27211 27211 W dex2oat : Method processed more than once: void com.google.android.libraries.cast.companionlibrary.cast.callbacks.BaseCastConsumerImpl.onReconnectionStatusChanged(int)
10-25 13:00:16.605 27211 27211 W dex2oat : Method processed more than once: void com.google.android.libraries.cast.companionlibrary.cast.callbacks.BaseCastConsumerImpl.onRouteRemoved(android.support.v7.media.MediaRouter$RouteInfo)
10-25 13:00:16.605 27211 27211 W dex2oat : Method processed more than once: void com.google.android.libraries.cast.companionlibrary.cast.callbacks.BaseCastConsumerImpl.onUiVisibilityChanged(boolean)
10-25 13:00:16.605 27211 27220 W dex2oat : Method processed more than once: void com.google.android.libraries.cast.companionlibrary.cast.callbacks.VideoCastConsumerImpl.<init>()
10-25 13:00:16.605 27211 27220 W dex2oat : Method processed more than once: void com.google.android.libraries.cast.companionlibrary.cast.callbacks.VideoCastConsumerImpl.onApplicationConnected(com.google.android.gms.cast.ApplicationMetadata, java.lang.String, boolean)
10-25 13:00:16.605 27211 27220 W dex2oat : Method processed more than once: void com.google.android.libraries.cast.companionlibrary.cast.callbacks.VideoCastConsumerImpl.onApplicationConnectionFailed(int)
10-25 13:00:16.605 27211 27220 W dex2oat : Method processed more than once: void com.google.android.libraries.cast.companionlibrary.cast.callbacks.VideoCastConsumerImpl.onApplicationDisconnected(int)
10-25 13:00:16.605 27211 27220 W dex2oat : Method processed more than once: void com.google.android.libraries.cast.companionlibrary.cast.callbacks.VideoCastConsumerImpl.onApplicationStatusChanged(java.lang.String)
10-25 13:00:16.606 27211 27220 W dex2oat : Method processed more than once: void com.google.android.libraries.cast.companionlibrary.cast.callbacks.VideoCastConsumerImpl.onApplicationStopFailed(int)
10-25 13:00:16.606 27211 27220 W dex2oat : Method processed more than once: void com.google.android.libraries.cast.companionlibrary.cast.callbacks.VideoCastConsumerImpl.onDataMessageReceived(java.lang.String)
10-25 13:00:16.606 27211 27220 W dex2oat : Method processed more than once: void com.google.android.libraries.cast.companionlibrary.cast.callbacks.VideoCastConsumerImpl.onDataMessageSendFailed(int)
10-25 13:00:16.606 27211 27220 W dex2oat : Method processed more than once: void com.google.android.libraries.cast.companionlibrary.cast.callbacks.VideoCastConsumerImpl.onMediaLoadResult(int)
10-25 13:00:16.606 27211 27220 W dex2oat : Method processed more than once: void com.google.android.libraries.cast.companionlibrary.cast.callbacks.VideoCastConsumerImpl.onMediaQueueOperationResult(int, int)
10-25 13:00:16.606 27211 27220 W dex2oat : Method processed more than once: void com.google.android.libraries.cast.companionlibrary.cast.callbacks.VideoCastConsumerImpl.onMediaQueueUpdated(java.util.List, com.google.android.gms.cast.MediaQueueItem, int, boolean)
10-25 13:00:16.606 27211 27220 W dex2oat : Method processed more than once: void com.google.android.libraries.cast.companionlibrary.cast.callbacks.VideoCastConsumerImpl.onNamespaceRemoved()
10-25 13:00:16.607 27211 27220 W dex2oat : Method processed more than once: void com.google.android.libraries.cast.companionlibrary.cast.callbacks.VideoCastConsumerImpl.onRemoteMediaPlayerMetadataUpdated()
10-25 13:00:16.607 27211 27220 W dex2oat : Method processed more than once: void com.google.android.libraries.cast.companionlibrary.cast.callbacks.VideoCastConsumerImpl.onRemoteMediaPlayerStatusUpdated()
10-25 13:00:16.607 27211 27220 W dex2oat : Method processed more than once: void com.google.android.libraries.cast.companionlibrary.cast.callbacks.VideoCastConsumerImpl.onRemoteMediaPreloadStatusUpdated(com.google.android.gms.cast.MediaQueueItem)
10-25 13:00:16.607 27211 27220 W dex2oat : Method processed more than once: void com.google.android.libraries.cast.companionlibrary.cast.callbacks.VideoCastConsumerImpl.onTextTrackEnabledChanged(boolean)
10-25 13:00:16.607 27211 27220 W dex2oat : Method processed more than once: void com.google.android.libraries.cast.companionlibrary.cast.callbacks.VideoCastConsumerImpl.onTextTrackLocaleChanged(java.util.Locale)
10-25 13:00:16.607 27211 27220 W dex2oat : Method processed more than once: void com.google.android.libraries.cast.companionlibrary.cast.callbacks.VideoCastConsumerImpl.onTextTrackStyleChanged(com.google.android.gms.cast.TextTrackStyle)
10-25 13:00:16.607 27211 27220 W dex2oat : Method processed more than once: void com.google.android.libraries.cast.companionlibrary.cast.callbacks.VideoCastConsumerImpl.onUpcomingPlayClicked(android.view.View, com.google.android.gms.cast.MediaQueueItem)
10-25 13:00:16.607 27211 27220 W dex2oat : Method processed more than once: void com.google.android.libraries.cast.companionlibrary.cast.callbacks.VideoCastConsumerImpl.onUpcomingStopClicked(android.view.View, com.google.android.gms.cast.MediaQueueItem)
10-25 13:00:16.607 27211 27220 W dex2oat : Method processed more than once: void com.google.android.libraries.cast.companionlibrary.cast.callbacks.VideoCastConsumerImpl.onVolumeChanged(double, boolean)
10-25 13:00:16.646 27211 27220 W dex2oat : Method processed more than once: void com.google.gson.JsonElement.<init>()
10-25 13:00:16.647 27211 27220 W dex2oat : Method processed more than once: java.math.BigDecimal com.google.gson.JsonElement.getAsBigDecimal()
10-25 13:00:16.647 27211 27220 W dex2oat : Method processed more than once: java.math.BigInteger com.google.gson.JsonElement.getAsBigInteger()
10-25 13:00:16.647 27211 27220 W dex2oat : Method processed more than once: boolean com.google.gson.JsonElement.getAsBoolean()
10-25 13:00:16.647 27211 27220 W dex2oat : Method processed more than once: java.lang.Boolean com.google.gson.JsonElement.getAsBooleanWrapper()
10-25 13:00:16.647 27211 27220 W dex2oat : Method processed more than once: byte com.google.gson.JsonElement.getAsByte()
10-25 13:00:16.647 27211 27220 W dex2oat : Method processed more than once: char com.google.gson.JsonElement.getAsCharacter()
10-25 13:00:16.647 27211 27220 W dex2oat : Method processed more than once: double com.google.gson.JsonElement.getAsDouble()
10-25 13:00:16.647 27211 27220 W dex2oat : Method processed more than once: float com.google.gson.JsonElement.getAsFloat()
10-25 13:00:16.647 27211 27220 W dex2oat : Method processed more than once: int com.google.gson.JsonElement.getAsInt()
10-25 13:00:16.647 27211 27220 W dex2oat : Method processed more than once: com.google.gson.JsonArray com.google.gson.JsonElement.getAsJsonArray()
10-25 13:00:16.647 27211 27220 W dex2oat : Method processed more than once: com.google.gson.JsonNull com.google.gson.JsonElement.getAsJsonNull()
10-25 13:00:16.648 27211 27220 W dex2oat : Method processed more than once: com.google.gson.JsonObject com.google.gson.JsonElement.getAsJsonObject()
10-25 13:00:16.648 27211 27220 W dex2oat : Method processed more than once: com.google.gson.JsonPrimitive com.google.gson.JsonElement.getAsJsonPrimitive()
10-25 13:00:16.648 27211 27220 W dex2oat : Method processed more than once: long com.google.gson.JsonElement.getAsLong()
10-25 13:00:16.648 27211 27220 W dex2oat : Method processed more than once: java.lang.Number com.google.gson.JsonElement.getAsNumber()
10-25 13:00:16.648 27211 27220 W dex2oat : Method processed more than once: short com.google.gson.JsonElement.getAsShort()
10-25 13:00:16.648 27211 27220 W dex2oat : Method processed more than once: java.lang.String com.google.gson.JsonElement.getAsString()
10-25 13:00:16.648 27211 27220 W dex2oat : Method processed more than once: boolean com.google.gson.JsonElement.isJsonArray()
10-25 13:00:16.648 27211 27220 W dex2oat : Method processed more than once: boolean com.google.gson.JsonElement.isJsonNull()
10-25 13:00:16.648 27211 27220 W dex2oat : Method processed more than once: boolean com.google.gson.JsonElement.isJsonObject()
10-25 13:00:16.649 27211 27220 W dex2oat : Method processed more than once: boolean com.google.gson.JsonElement.isJsonPrimitive()
10-25 13:00:16.649 27211 27220 W dex2oat : Method processed more than once: java.lang.String com.google.gson.JsonElement.toString()
10-25 13:00:16.680 27211 27219 W dex2oat : Method processed more than once: void okio.ForwardingSink.<init>(okio.Sink)
10-25 13:00:16.680 27211 27219 W dex2oat : Method processed more than once: void okio.ForwardingSink.close()
10-25 13:00:16.680 27211 27219 W dex2oat : Method processed more than once: okio.Sink okio.ForwardingSink.delegate()
10-25 13:00:16.680 27211 27219 W dex2oat : Method processed more than once: void okio.ForwardingSink.flush()
10-25 13:00:16.680 27211 27219 W dex2oat : Method processed more than once: okio.Timeout okio.ForwardingSink.timeout()
10-25 13:00:16.680 27211 27219 W dex2oat : Method processed more than once: java.lang.String okio.ForwardingSink.toString()
10-25 13:00:16.681 27211 27219 W dex2oat : Method processed more than once: void okio.ForwardingSink.write(okio.Buffer, long)
10-25 13:00:16.694 27211 27218 W dex2oat : Method processed more than once: void okio.Timeout.<clinit>()
10-25 13:00:16.694 27211 27218 W dex2oat : Method processed more than once: void okio.Timeout.<init>()
10-25 13:00:16.694 27211 27218 W dex2oat : Method processed more than once: okio.Timeout okio.Timeout.clearDeadline()
10-25 13:00:16.694 27211 27218 W dex2oat : Method processed more than once: okio.Timeout okio.Timeout.clearTimeout()
10-25 13:00:16.694 27211 27218 W dex2oat : Method processed more than once: okio.Timeout okio.Timeout.deadline(long, java.util.concurrent.TimeUnit)
10-25 13:00:16.694 27211 27218 W dex2oat : Method processed more than once: long okio.Timeout.deadlineNanoTime()
10-25 13:00:16.694 27211 27218 W dex2oat : Method processed more than once: okio.Timeout okio.Timeout.deadlineNanoTime(long)
10-25 13:00:16.694 27211 27218 W dex2oat : Method processed more than once: boolean okio.Timeout.hasDeadline()
10-25 13:00:16.694 27211 27218 W dex2oat : Method processed more than once: void okio.Timeout.throwIfReached()
10-25 13:00:16.694 27211 27218 W dex2oat : Method processed more than once: okio.Timeout okio.Timeout.timeout(long, java.util.concurrent.TimeUnit)
10-25 13:00:16.694 27211 27218 W dex2oat : Method processed more than once: long okio.Timeout.timeoutNanos()
10-25 13:00:16.695 27211 27218 W dex2oat : Method processed more than once: void okio.Timeout.waitUntilNotified(java.lang.Object)
10-25 13:00:16.712 27211 27218 W dex2oat : Method processed more than once: void com.twitter.sdk.android.core.Callback.<init>()
10-25 13:00:16.713 27211 27218 W dex2oat : Method processed more than once: void com.twitter.sdk.android.core.Callback.failure(retrofit.RetrofitError)
10-25 13:00:16.713 27211 27218 W dex2oat : Method processed more than once: void com.twitter.sdk.android.core.Callback.success(java.lang.Object, retrofit.client.Response)
10-25 13:00:16.717 27211 27211 W dex2oat : Method processed more than once: void com.twitter.sdk.android.core.internal.AuthRequestQueue.<init>(com.twitter.sdk.android.core.internal.SessionProvider)
10-25 13:00:16.717 27211 27211 W dex2oat : Method processed more than once: boolean com.twitter.sdk.android.core.internal.AuthRequestQueue.addRequest(com.twitter.sdk.android.core.Callback)
10-25 13:00:16.717 27211 27211 W dex2oat : Method processed more than once: void com.twitter.sdk.android.core.internal.AuthRequestQueue.flushQueueOnError(com.twitter.sdk.android.core.TwitterException)
10-25 13:00:16.717 27211 27218 W dex2oat : Method processed more than once: void io.fabric.sdk.android.ActivityLifecycleManager$Callbacks.<init>()
10-25 13:00:16.717 27211 27211 W dex2oat : Method processed more than once: void com.twitter.sdk.android.core.internal.AuthRequestQueue.flushQueueOnSuccess(com.twitter.sdk.android.core.Session)
10-25 13:00:16.717 27211 27218 W dex2oat : Method processed more than once: void io.fabric.sdk.android.ActivityLifecycleManager$Callbacks.onActivityCreated(android.app.Activity, android.os.Bundle)
10-25 13:00:16.717 27211 27218 W dex2oat : Method processed more than once: void io.fabric.sdk.android.ActivityLifecycleManager$Callbacks.onActivityDestroyed(android.app.Activity)
10-25 13:00:16.717 27211 27211 W dex2oat : Method processed more than once: com.twitter.sdk.android.core.Session com.twitter.sdk.android.core.internal.AuthRequestQueue.getValidSession()
10-25 13:00:16.718 27211 27211 W dex2oat : Method processed more than once: void com.twitter.sdk.android.core.internal.AuthRequestQueue.requestAuth()
10-25 13:00:16.718 27211 27211 W dex2oat : Method processed more than once: void com.twitter.sdk.android.core.internal.AuthRequestQueue.sessionRestored(com.twitter.sdk.android.core.Session)
10-25 13:00:16.718 27211 27218 W dex2oat : Method processed more than once: void io.fabric.sdk.android.ActivityLifecycleManager$Callbacks.onActivityPaused(android.app.Activity)
10-25 13:00:16.718 27211 27218 W dex2oat : Method processed more than once: void io.fabric.sdk.android.ActivityLifecycleManager$Callbacks.onActivityResumed(android.app.Activity)
10-25 13:00:16.718 27211 27218 W dex2oat : Method processed more than once: void io.fabric.sdk.android.ActivityLifecycleManager$Callbacks.onActivitySaveInstanceState(android.app.Activity, android.os.Bundle)
10-25 13:00:16.718 27211 27218 W dex2oat : Method processed more than once: void io.fabric.sdk.android.ActivityLifecycleManager$Callbacks.onActivityStarted(android.app.Activity)
10-25 13:00:16.718 27211 27218 W dex2oat : Method processed more than once: void io.fabric.sdk.android.ActivityLifecycleManager$Callbacks.onActivityStopped(android.app.Activity)
10-25 13:00:16.718 27211 27218 W dex2oat : Method processed more than once: void com.twitter.sdk.android.core.internal.SessionProvider.<init>(java.util.List)
10-25 13:00:16.718 27211 27218 W dex2oat : Method processed more than once: com.twitter.sdk.android.core.Session com.twitter.sdk.android.core.internal.SessionProvider.getActiveSession()
10-25 13:00:16.718 27211 27218 W dex2oat : Method processed more than once: void com.twitter.sdk.android.core.internal.TwitterApi.<init>()
10-25 13:00:16.718 27211 27218 W dex2oat : Method processed more than once: void com.twitter.sdk.android.core.internal.TwitterApi.<init>(java.lang.String)
