--------- beginning of system
10-25 12:49:56.887   875   911 E BatteryExternalStatsWorker: no controller energy info supplied for wifi
10-25 12:49:56.887   875   911 E BatteryExternalStatsWorker: no controller energy info supplied for bluetooth
10-25 12:51:19.345   875   911 E BatteryExternalStatsWorker: no controller energy info supplied for wifi
10-25 12:51:19.346   875   911 E BatteryExternalStatsWorker: no controller energy info supplied for bluetooth
10-25 12:53:11.896   875   911 E BatteryExternalStatsWorker: no controller energy info supplied for wifi
10-25 12:53:11.898   875   911 E BatteryExternalStatsWorker: no controller energy info supplied for bluetooth
10-25 12:53:19.359   875   911 E BatteryExternalStatsWorker: no controller energy info supplied for wifi
10-25 12:53:19.360   875   911 E BatteryExternalStatsWorker: no controller energy info supplied for bluetooth
10-25 12:54:19.373   875   911 E BatteryExternalStatsWorker: no controller energy info supplied for wifi
10-25 12:54:19.374   875   911 E BatteryExternalStatsWorker: no controller energy info supplied for bluetooth
10-25 12:54:49.650   875  1153 D NetworkStats: Resolving plan for NetworkTemplate: matchRule=MOBILE_ALL, subscriberId=302610..., matchSubscriberIds=[302610...]
10-25 12:54:49.659   875  1153 D NetworkStats: Found active matching subId 2
10-25 12:54:49.672   875  1153 D NetworkStats: Resolved to plan null
10-25 12:55:23.751   875   875 I ActivityManager: Start proc 26168:com.google.android.apps.tachyon/u0a120 for service com.google.android.apps.tachyon/.jobs.NativeJobSchedulerJobService
10-25 12:55:24.150   875  1408 I ActivityManager: Killing 22806:com.google.android.apps.maps/u0a73 (adj 906): empty #17
10-25 12:55:24.257   875  1408 D ConnectivityService: ConnectivityService NetworkRequestInfo binderDied(NetworkRequest [ LISTEN id=135, [ Capabilities: INTERNET&NOT_RESTRICTED&TRUSTED&FOREGROUND] ], android.os.BinderProxy@ef489a0)
10-25 12:55:35.756   875   906 I ActivityManager: Start proc 26268:com.google.android.gm/u0a109 for service com.google.android.gm/.provider.MailSyncAdapterService
10-25 12:55:35.926 26268 26268 D ActivityThread: Loading provider com.google.android.gm.sapi: com.google.android.gm.sapi.SapiUiProvider
10-25 12:55:38.537   875  1883 D ConnectivityService: Returning UNBLOCKED NetworkInfo to uid=10109
10-25 12:55:42.518   875  1133 I ActivityManager: START u0 {act=android.intent.action.MAIN cat=[android.intent.category.HOME] flg=0x10200000 cmp=com.google.android.apps.nexuslauncher/.NexusLauncherActivity (has extras)} from uid 1000
10-25 12:55:43.020   875  4860 I SoundTriggerHelper: startRecognition successful.
10-25 12:55:43.107   875  1883 I ActivityManager: START u0 {flg=0x10804000 cmp=com.android.systemui/.recents.RecentsActivity} from uid 10048
10-25 12:55:57.833   875   875 I ActivityManager: Killing 23881:com.android.providers.calendar/u0a28 (adj 906): empty #17
10-25 12:56:57.631   875  1883 W ActivityManager: Permission Denial: Accessing service ComponentInfo{com.google.android.music/com.google.android.music.dial.DialMediaRouteProviderService} from pid=24413, uid=10468 that is not exported from uid 10069
10-25 12:56:58.482   875  1133 I ActivityManager: START u0 {act=android.intent.action.MAIN cat=[android.intent.category.HOME] flg=0x10200000 cmp=com.google.android.apps.nexuslauncher/.NexusLauncherActivity (has extras)} from uid 1000
10-25 12:56:58.933   875  1883 I SoundTriggerHelper: startRecognition successful.
10-25 12:57:02.044   875 22320 I ActivityManager: START u0 {act=android.intent.action.DELETE dat=package:ca.cbc.mobile.android.cbcnewsandroidwebview flg=0x10800000 cmp=com.google.android.packageinstaller/com.android.packageinstaller.UninstallerActivity (has extras)} from uid 10035
10-25 12:57:02.695   875   907 I ActivityManager: Force stopping ca.cbc.mobile.android.cbcnewsandroidwebview appid=10468 user=0: deletePackageX
10-25 12:57:02.696   875   907 I ActivityManager: Killing 24413:ca.cbc.mobile.android.cbcnewsandroidwebview/u0a468 (adj 700): stop ca.cbc.mobile.android.cbcnewsandroidwebview
10-25 12:57:02.717   875   907 I ActivityManager:   Force finishing activity ActivityRecord{d959d2d u0 ca.cbc.mobile.android.cbcnewsandroidwebview/ca.cbc.android.news.refresh.ui.MainActivity t4632}
10-25 12:57:02.748   875   907 I ActivityManager:   Force finishing activity ActivityRecord{1d233db u0 ca.cbc.mobile.android.cbcnewsandroidwebview/ca.cbc.android.news.refresh.ui.StoryActivity t4632}
10-25 12:57:02.765   875   925 I PackageManager: Removing old permission: ca.cbc.mobile.android.cbcnewsandroidwebview.permission.C2D_MESSAGE from package ca.cbc.mobile.android.cbcnewsandroidwebview
10-25 12:57:02.766   875   925 I PackageManager: Removing old permission: ca.cbc.mobile.android.cbcnewsandroidwebview.permission.UA_DATA from package ca.cbc.mobile.android.cbcnewsandroidwebview
10-25 12:57:02.768   875   925 W PackageManager: Privileged permission android.permission.SET_MEDIA_KEY_LISTENER for package com.google.android.googlequicksearchbox - not in privapp-permissions whitelist
10-25 12:57:02.768   875   925 W PackageManager: Privileged permission android.permission.SET_VOLUME_KEY_LONG_PRESS_LISTENER for package com.google.android.googlequicksearchbox - not in privapp-permissions whitelist
10-25 12:57:02.768   875   925 W PackageManager: Privileged permission android.permission.PACKAGE_USAGE_STATS for package com.google.android.googlequicksearchbox - not in privapp-permissions whitelist
10-25 12:57:02.768   875   925 W PackageManager: Privileged permission android.permission.INSTALL_PACKAGES for package com.verizon.mips.services - not in privapp-permissions whitelist
10-25 12:57:02.769   875   925 W PackageManager: Privileged permission android.permission.READ_FRAME_BUFFER for package com.verizon.mips.services - not in privapp-permissions whitelist
10-25 12:57:02.769   875   925 W PackageManager: Privileged permission android.permission.UPDATE_APP_OPS_STATS for package com.verizon.mips.services - not in privapp-permissions whitelist
10-25 12:57:02.769   875   925 W PackageManager: Privileged permission android.permission.DUMP for package com.verizon.mips.services - not in privapp-permissions whitelist
10-25 12:57:02.769   875   925 W PackageManager: Privileged permission android.permission.WRITE_SECURE_SETTINGS for package com.verizon.mips.services - not in privapp-permissions whitelist
10-25 12:57:02.773   875   925 W PackageManager: Privileged permission android.permission.BACKUP for package com.android.vending - not in privapp-permissions whitelist
10-25 12:57:02.775   875   925 W PackageManager: Privileged permission android.permission.CAPTURE_AUDIO_OUTPUT for package com.google.android.dialer - not in privapp-permissions whitelist
10-25 12:57:02.775   875   925 W PackageManager: Privileged permission android.permission.MODIFY_AUDIO_ROUTING for package com.google.android.dialer - not in privapp-permissions whitelist
10-25 12:57:02.777   875 22318 D ConnectivityService: ConnectivityService NetworkRequestInfo binderDied(NetworkRequest [ LISTEN id=139, [ Capabilities: INTERNET&NOT_RESTRICTED&TRUSTED&FOREGROUND] ], android.os.BinderProxy@96fb19b)
10-25 12:57:02.781   875   925 W PackageManager: Privileged permission android.permission.ALLOCATE_AGGRESSIVE for package com.google.android.gms - not in privapp-permissions whitelist
10-25 12:57:02.788   875  3027 I WindowManager: WIN DEATH: Window{38f070c u0 Share Using:}
10-25 12:57:02.788   875   925 W PackageManager: Privileged permission android.permission.PACKAGE_USAGE_STATS for package com.google.android.apps.turbo - not in privapp-permissions whitelist
10-25 12:57:02.789   875   925 W PackageManager: Privileged permission android.permission.PACKET_KEEPALIVE_OFFLOAD for package com.google.android.apps.gcs - not in privapp-permissions whitelist
10-25 12:57:02.800   875  1883 I WindowManager: WIN DEATH: Window{3ef6742 u0 ca.cbc.mobile.android.cbcnewsandroidwebview/ca.cbc.android.news.refresh.ui.StoryActivity}
10-25 12:57:02.816   875  1397 I WindowManager: WIN DEATH: Window{e24e33f u0 ca.cbc.mobile.android.cbcnewsandroidwebview/ca.cbc.android.news.refresh.ui.MainActivity}
10-25 12:57:02.950   875   917 W ActivityManager: setHasOverlayUi called on unknown pid: 24413
10-25 12:57:02.983   875   908 W Looper  : Dispatch took 110ms on android.ui, h=Handler (com.android.server.am.ActivityManagerService$UiHandler) {4b14dd7} cb=null msg=31
10-25 12:57:03.089   875 26585 I SoundTriggerHelper: startRecognition successful.
10-25 12:57:03.187   875   925 I ActivityManager: Force stopping ca.cbc.mobile.android.cbcnewsandroidwebview appid=10468 user=0: pkg removed
10-25 12:57:03.194   875   925 I ActivityManager: Force stopping ca.cbc.mobile.android.cbcnewsandroidwebview appid=10468 user=0: pkg removed
10-25 12:57:03.207   875   907 W BroadcastQueue: Background execution not allowed: receiving Intent { act=android.intent.action.PACKAGE_REMOVED dat=package:ca.cbc.mobile.android.cbcnewsandroidwebview flg=0x4000010 (has extras) } to com.android.musicfx/.Compatibility$Receiver
10-25 12:57:03.209   875   907 W BroadcastQueue: Background execution not allowed: receiving Intent { act=android.intent.action.PACKAGE_REMOVED dat=package:ca.cbc.mobile.android.cbcnewsandroidwebview flg=0x4000010 (has extras) } to com.android.vending/com.google.android.finsky.packagemanager.impl.PackageMonitorReceiverImpl$RegisteredReceiver
10-25 12:57:03.209   875   907 W BroadcastQueue: Background execution not allowed: receiving Intent { act=android.intent.action.PACKAGE_REMOVED dat=package:ca.cbc.mobile.android.cbcnewsandroidwebview flg=0x4000010 (has extras) } to com.android.vending/com.google.android.finsky.instantapps.appmanagement.InstantAppRemoveMonitor
10-25 12:57:03.232   875   925 D KernelUidCpuTimeReader: Removing uids 10468-10468
10-25 12:57:03.284   875  4860 W ActivityManager: Permission Denial: Accessing service ComponentInfo{com.google.android.music/com.google.android.music.dial.DialMediaRouteProviderService} from pid=1947, uid=10025 that is not exported from uid 10069
10-25 12:57:03.295   875   875 I ConditionProviders: Disallowing condition provider ca.cbc.mobile.android.cbcnewsandroidwebview
10-25 12:57:03.319   875  4860 W BroadcastQueue: Background execution not allowed: receiving Intent { act=android.intent.action.PACKAGE_REMOVED dat=package:ca.cbc.mobile.android.cbcnewsandroidwebview flg=0x4000010 (has extras) } to com.google.android.googlequicksearchbox/com.google.android.apps.gsa.googlequicksearchbox.GelStubAppWatcher
10-25 12:57:03.497   875  3027 I ActivityManager: Start proc 26604:android.process.acore/u0a45 for content provider com.android.providers.contacts/.ContactsProvider2
10-25 12:57:03.514   875  1133 I ActivityManager: START u0 {act=android.intent.action.MAIN cat=[android.intent.category.HOME] flg=0x10200000 cmp=com.google.android.apps.nexuslauncher/.NexusLauncherActivity (has extras)} from uid 1000
10-25 12:57:03.546   875 31130 I ActivityManager: START u0 {flg=0x10800000 cmp=com.estrongs.android.pop/.app.UninstallMonitorActivity (has extras)} from uid 10009
10-25 12:57:03.549   875 31130 W ActivityManager: Activity start request from 10009 stopped
10-25 12:57:03.723   875  1133 I ActivityManager: START u0 {act=android.intent.action.MAIN cat=[android.intent.category.HOME] flg=0x10200000 cmp=com.google.android.apps.nexuslauncher/.NexusLauncherActivity (has extras)} from uid 1000
10-25 12:57:06.737   875   875 W WindowManager: removeWindowToken: Attempted to remove non-existing token: android.os.Binder@dee9d0a
10-25 12:57:08.396   875  1153 D NetworkStats: Resolving plan for NetworkTemplate: matchRule=MOBILE_ALL, subscriberId=302610..., matchSubscriberIds=[302610...]
10-25 12:57:08.398   875  1153 D NetworkStats: Found active matching subId 2
10-25 12:57:08.403   875  1153 D NetworkStats: Resolved to plan null
10-25 12:57:19.358   875   911 E BatteryExternalStatsWorker: no controller energy info supplied for wifi
10-25 12:57:19.360   875   911 E BatteryExternalStatsWorker: no controller energy info supplied for bluetooth
10-25 12:57:33.269   875   906 I ActivityManager: Killing 23945:com.google.android.music:main/u0a69 (adj 906): empty #17
--------- beginning of main
10-25 12:57:43.286  1947 24297 I MiniDeviceController: [MiniDeviceController-1] Discovery info: {"controlNotifications":1,"deviceIconUrl":"\/setup\/icon.png","deviceId":"620a04d66b96b00e86e65da31d837414","deviceModel":"BRAVIA 4K GB","friendlyName":"AV Platform","receiverMetricsId":"","requestId":3,"type":"DEVICE_INFO","wifiProximityId":"001A11FF6F32"}
10-25 12:57:43.288  1947 24297 I TcpDeviceProber: notifyProberSuccess Device("AV Platform" (620a04d66b96b00e86e65da31d837414)) supportedCriteria() notSupportedCriteria(%urn:x-cast:com.google.cast.media) statusText(null)
10-25 12:57:43.339  1947  1947 V MediaRouter: Adding route: UserRouteInfo{ name=AV Platform, description=BRAVIA 4K GB, status=null, category=RouteCategory{ name=Devices types=ROUTE_TYPE_USER  groupable=false }, supportedTypes=ROUTE_TYPE_USER , presentationDisplay=null }
10-25 12:57:43.344  1947 24297 I MiniDeviceController: [MiniDeviceController-1] ACTIVATE (App Team 4K) 001A11FF8380
10-25 12:57:43.344  1947 24297 I MiniDeviceController: [MiniDeviceController-1] connecting to /10.147.16.94
10-25 12:57:45.363  1947 26570 E CastSocket: [MiniDeviceController-2] Failed to shutdown the output stream socket: npz@a778435.
10-25 12:57:45.363  1947 26570 E CastSocket: java.net.SocketException: Socket is not connected
10-25 12:57:45.363  1947 26570 E CastSocket: 	at sun.nio.ch.Net.translateToSocketException(Net.java:129)
10-25 12:57:45.363  1947 26570 E CastSocket: 	at sun.nio.ch.Net.translateException(Net.java:166)
10-25 12:57:45.363  1947 26570 E CastSocket: 	at sun.nio.ch.Net.translateException(Net.java:172)
10-25 12:57:45.363  1947 26570 E CastSocket: 	at sun.nio.ch.SocketAdaptor.shutdownOutput(SocketAdaptor.java:424)
10-25 12:57:45.363  1947 26570 E CastSocket: 	at noy.b(:com.google.android.gms@14366028@14.3.66 (090400-213742215):22)
10-25 12:57:45.363  1947 26570 E CastSocket: 	at nph.run(:com.google.android.gms@14366028@14.3.66 (090400-213742215):15)
10-25 12:57:45.363  1947 26570 E CastSocket: 	at java.lang.Thread.run(Thread.java:764)
10-25 12:57:45.363  1947 26570 E CastSocket: Caused by: java.nio.channels.NotYetConnectedException
10-25 12:57:45.363  1947 26570 E CastSocket: 	at sun.nio.ch.SocketChannelImpl.shutdownOutput(SocketChannelImpl.java:842)
10-25 12:57:45.363  1947 26570 E CastSocket: 	at sun.nio.ch.SocketAdaptor.shutdownOutput(SocketAdaptor.java:422)
10-25 12:57:45.363  1947 26570 E CastSocket: 	... 3 more
10-25 12:57:45.384  1947 24297 I TcpDeviceProber: notifyProberError Device(hotspot bssid: 001A11FF6FE1) 3:connection failed: error="3 Connection timed out"
10-25 12:57:45.442   875   892 I chatty  : uid=1000(system) Binder:875_1 expire 42 lines
10-25 12:57:48.374  1947 26570 E CastSocket: [MiniDeviceController-1] Failed to shutdown the output stream socket: npz@943af70.
10-25 12:57:48.374  1947 26570 E CastSocket: java.net.SocketException: Socket is not connected
10-25 12:57:48.374  1947 26570 E CastSocket: 	at sun.nio.ch.Net.translateToSocketException(Net.java:129)
10-25 12:57:48.374  1947 26570 E CastSocket: 	at sun.nio.ch.Net.translateException(Net.java:166)
10-25 12:57:48.374  1947 26570 E CastSocket: 	at sun.nio.ch.Net.translateException(Net.java:172)
10-25 12:57:48.374  1947 26570 E CastSocket: 	at sun.nio.ch.SocketAdaptor.shutdownOutput(SocketAdaptor.java:424)
10-25 12:57:48.374  1947 26570 E CastSocket: 	at noy.b(:com.google.android.gms@14366028@14.3.66 (090400-213742215):22)
10-25 12:57:48.374  1947 26570 E CastSocket: 	at nph.run(:com.google.android.gms@14366028@14.3.66 (090400-213742215):15)
10-25 12:57:48.374  1947 26570 E CastSocket: 	at java.lang.Thread.run(Thread.java:764)
10-25 12:57:48.374  1947 26570 E CastSocket: Caused by: java.nio.channels.NotYetConnectedException
10-25 12:57:48.374  1947 26570 E CastSocket: 	at sun.nio.ch.SocketChannelImpl.shutdownOutput(SocketChannelImpl.java:842)
10-25 12:57:48.374  1947 26570 E CastSocket: 	at sun.nio.ch.SocketAdaptor.shutdownOutput(SocketAdaptor.java:422)
10-25 12:57:48.374  1947 26570 E CastSocket: 	... 3 more
10-25 12:57:48.381  1947 24297 I TcpDeviceProber: notifyProberError Device(hotspot bssid: 001A11FF8380) 3:connection failed: error="3 Connection timed out"
10-25 12:57:48.396  1947 24297 I CastSocketMultiplexer: Stopping multiplexer...
10-25 12:57:53.984 26745 26745 D AndroidRuntime: >>>>>> START com.android.internal.os.RuntimeInit uid 2000 <<<<<<
10-25 12:57:54.068 26745 26745 D ICU     : Timezone override file found: /data/misc/zoneinfo/current/icu/icu_tzdata.dat
10-25 12:57:54.086 26745 26745 I app_process: The ClassLoaderContext is a special shared library.
10-25 12:57:54.126 26745 26745 D AndroidRuntime: Calling main entry com.android.commands.pm.Pm
10-25 12:57:54.133 26745 26745 I app_process: System.exit called, status: 0
10-25 12:57:54.133 26745 26745 I AndroidRuntime: VM exiting with result code 0.
10-25 12:57:54.559 26766 26766 D AndroidRuntime: >>>>>> START com.android.internal.os.RuntimeInit uid 2000 <<<<<<
10-25 12:57:54.661 26766 26766 D ICU     : Timezone override file found: /data/misc/zoneinfo/current/icu/icu_tzdata.dat
10-25 12:57:54.836 26766 26766 D AndroidRuntime: Calling main entry com.koushikdutta.vysor.ProtocolVersionMain
10-25 12:57:54.839 26766 26766 D AndroidRuntime: Shutting down VM
10-25 12:58:01.317  1947  1947 V MediaRouter: Removing route: UserRouteInfo{ name=9B204-WALL-AND, description=BRAVIA 4K GB, status=null, category=RouteCategory{ name=Devices types=ROUTE_TYPE_USER  groupable=false }, supportedTypes=ROUTE_TYPE_USER , presentationDisplay=null }
10-25 12:58:01.320   875   892 I chatty  : uid=1000(system) Binder:875_1 expire 550 lines
10-25 12:58:01.326   875 31124 I chatty  : uid=1000(system) Binder:875_1A expire 46 lines
10-25 12:58:01.449  1947 24297 W MdnsDeviceScannerEntry: Invalid remote control notifications enabled status; 0
10-25 12:58:01.463  1947 24297 I MiniDeviceController: [MiniDeviceController-1] ACTIVATE (9B204-WALL-AND) 001A11FFDE4B
10-25 12:58:01.463  1947 24297 I MiniDeviceController: [MiniDeviceController-1] connecting to /10.147.4.70
10-25 12:58:01.598 24426 24457 I Finsky  : [242] com.google.android.finsky.bo.ad.run(6): Stats for Executor: BlockingExecutor com.google.android.finsky.bo.ae@a49417a[Running, pool size = 0, active threads = 0, queued tasks = 0, completed tasks = 6]
10-25 12:58:01.603 24426 24457 I Finsky  : [242] com.google.android.finsky.bo.ad.run(6): Stats for Executor: LightweightExecutor com.google.android.finsky.bo.ae@1803d2b[Running, pool size = 3, active threads = 0, queued tasks = 0, completed tasks = 44]
10-25 12:58:01.676  1947 24297 I MiniDeviceController: [MiniDeviceController-1] Sending text message to 9B204-WALL-AND: (ns=urn:x-cast:com.google.cast.tp.connection, dest=receiver-0) {"type":"CONNECT","package":"gms_cast_prober","origin":{}}
10-25 12:58:01.676  1947 24297 I MiniDeviceController: [MiniDeviceController-1] Sending text message to 9B204-WALL-AND: (ns=urn:x-cast:com.google.cast.receiver, dest=receiver-0) {"type":"GET_STATUS","requestId":2}
10-25 12:58:01.676  1947 24297 I MiniDeviceController: [MiniDeviceController-1] Sending text message to 9B204-WALL-AND: (ns=urn:x-cast:com.google.cast.receiver.discovery, dest=receiver-0) {"requestId":3,"type":"GET_DEVICE_INFO"}
10-25 12:58:01.686  1947 24297 I MiniDeviceController: [MiniDeviceController-1] Discovery info: {"controlNotifications":1,"deviceIconUrl":"\/setup\/icon.png","deviceId":"873c6fafee4abf23e06b9fa6bb4749ff","deviceModel":"BRAVIA 4K GB","friendlyName":"9B204-WALL-AND","receiverMetricsId":"","requestId":3,"type":"DEVICE_INFO","wifiProximityId":"001A11FFDE4B"}
10-25 12:58:01.687  1947 24297 I TcpDeviceProber: notifyProberSuccess Device("9B204-WALL-AND" (873c6fafee4abf23e06b9fa6bb4749ff)) supportedCriteria() notSupportedCriteria(%urn:x-cast:com.google.cast.media) statusText(null)
10-25 12:58:01.701  1947  1947 V MediaRouter: Adding route: UserRouteInfo{ name=9B204-WALL-AND, description=BRAVIA 4K GB, status=null, category=RouteCategory{ name=Devices types=ROUTE_TYPE_USER  groupable=false }, supportedTypes=ROUTE_TYPE_USER , presentationDisplay=null }
10-25 12:58:01.703  1947 24297 I CastSocketMultiplexer: Stopping multiplexer...
10-25 12:58:01.748 24426 24457 I Finsky  : [242] com.google.android.finsky.bo.ad.run(6): Stats for Executor: bgExecutor com.google.android.finsky.bo.ae@7f5588[Running, pool size = 4, active threads = 0, queued tasks = 0, completed tasks = 8]
10-25 12:58:10.708 26781 26781 D AndroidRuntime: >>>>>> START com.android.internal.os.RuntimeInit uid 2000 <<<<<<
10-25 12:58:10.796 26781 26781 D ICU     : Timezone override file found: /data/misc/zoneinfo/current/icu/icu_tzdata.dat
10-25 12:58:10.814 26781 26781 I app_process: The ClassLoaderContext is a special shared library.
10-25 12:58:10.850 26781 26781 D AndroidRuntime: Calling main entry com.android.commands.pm.Pm
10-25 12:58:10.858 26781 26781 I app_process: System.exit called, status: 0
10-25 12:58:10.858 26781 26781 I AndroidRuntime: VM exiting with result code 0.
10-25 12:58:11.315 26802 26802 D AndroidRuntime: >>>>>> START com.android.internal.os.RuntimeInit uid 2000 <<<<<<
10-25 12:58:11.413 26802 26802 D ICU     : Timezone override file found: /data/misc/zoneinfo/current/icu/icu_tzdata.dat
10-25 12:58:11.583 26802 26802 D AndroidRuntime: Calling main entry com.koushikdutta.vysor.ProtocolVersionMain
10-25 12:58:11.586 26802 26802 D AndroidRuntime: Shutting down VM
10-25 12:58:21.326  1947  1947 V MediaRouter: Removing route: UserRouteInfo{ name=XBR-65X850D, description=BRAVIA 4K 2015, status=null, category=RouteCategory{ name=Devices types=ROUTE_TYPE_USER  groupable=false }, supportedTypes=ROUTE_TYPE_USER , presentationDisplay=null }
10-25 12:58:21.329   875   892 I chatty  : uid=1000(system) Binder:875_1 expire 156 lines
10-25 12:58:21.331   875 31124 I chatty  : uid=1000(system) Binder:875_1A expire 403 lines
10-25 12:58:21.416  1947 24297 W MdnsDeviceScannerEntry: Invalid remote control notifications enabled status; 0
10-25 12:58:21.441  1947 24297 I MiniDeviceController: [MiniDeviceController-1] ACTIVATE (XBR-65X850D) FFFFFFFFFFFF
10-25 12:58:21.441  1947 24297 I MiniDeviceController: [MiniDeviceController-1] connecting to /172.10.1.85
10-25 12:58:21.448   875  3036 I chatty  : uid=1000(system) Binder:875_C expire 573 lines
10-25 12:58:26.471  1947 26811 E CastSocket: [MiniDeviceController-1] Failed to shutdown the output stream socket: npz@580adf2.
10-25 12:58:26.471  1947 26811 E CastSocket: java.net.SocketException: Socket is not connected
10-25 12:58:26.471  1947 26811 E CastSocket: 	at sun.nio.ch.Net.translateToSocketException(Net.java:129)
10-25 12:58:26.471  1947 26811 E CastSocket: 	at sun.nio.ch.Net.translateException(Net.java:166)
10-25 12:58:26.471  1947 26811 E CastSocket: 	at sun.nio.ch.Net.translateException(Net.java:172)
10-25 12:58:26.471  1947 26811 E CastSocket: 	at sun.nio.ch.SocketAdaptor.shutdownOutput(SocketAdaptor.java:424)
10-25 12:58:26.471  1947 26811 E CastSocket: 	at noy.b(:com.google.android.gms@14366028@14.3.66 (090400-213742215):22)
10-25 12:58:26.471  1947 26811 E CastSocket: 	at nph.run(:com.google.android.gms@14366028@14.3.66 (090400-213742215):15)
10-25 12:58:26.471  1947 26811 E CastSocket: 	at java.lang.Thread.run(Thread.java:764)
10-25 12:58:26.471  1947 26811 E CastSocket: Caused by: java.nio.channels.NotYetConnectedException
10-25 12:58:26.471  1947 26811 E CastSocket: 	at sun.nio.ch.SocketChannelImpl.shutdownOutput(SocketChannelImpl.java:842)
10-25 12:58:26.471  1947 26811 E CastSocket: 	at sun.nio.ch.SocketAdaptor.shutdownOutput(SocketAdaptor.java:422)
10-25 12:58:26.471  1947 26811 E CastSocket: 	... 3 more
10-25 12:58:26.484  1947 24297 I TcpDeviceProber: notifyProberError Device(hotspot bssid: FFFFFFFFFFFF) 3:connection failed: error="3 Connection timed out"
10-25 12:58:26.490  1947 24297 I CastSocketMultiplexer: Stopping multiplexer...
10-25 12:58:27.474 26814 26814 D AndroidRuntime: >>>>>> START com.android.internal.os.RuntimeInit uid 2000 <<<<<<
10-25 12:58:27.567 26814 26814 D ICU     : Timezone override file found: /data/misc/zoneinfo/current/icu/icu_tzdata.dat
10-25 12:58:27.584 26814 26814 I app_process: The ClassLoaderContext is a special shared library.
10-25 12:58:27.618 26814 26814 D AndroidRuntime: Calling main entry com.android.commands.pm.Pm
10-25 12:58:27.627 26814 26814 I app_process: System.exit called, status: 0
10-25 12:58:27.627 26814 26814 I AndroidRuntime: VM exiting with result code 0.
10-25 12:58:28.078 26835 26835 D AndroidRuntime: >>>>>> START com.android.internal.os.RuntimeInit uid 2000 <<<<<<
10-25 12:58:28.175 26835 26835 D ICU     : Timezone override file found: /data/misc/zoneinfo/current/icu/icu_tzdata.dat
10-25 12:58:28.345 26835 26835 D AndroidRuntime: Calling main entry com.koushikdutta.vysor.ProtocolVersionMain
10-25 12:58:28.347 26835 26835 D AndroidRuntime: Shutting down VM
10-25 12:58:28.636  1947 24297 I MiniDeviceController: [MiniDeviceController-1] ACTIVATE (XBR-65X850D) FFFFFFFFFFFF
10-25 12:58:28.636  1947 24297 I MiniDeviceController: [MiniDeviceController-1] connecting to /172.10.1.85
10-25 12:58:33.675  1947 26843 E CastSocket: [MiniDeviceController-1] Failed to shutdown the output stream socket: npz@91aa88f.
10-25 12:58:33.675  1947 26843 E CastSocket: java.net.SocketException: Socket is not connected
10-25 12:58:33.675  1947 26843 E CastSocket: 	at sun.nio.ch.Net.translateToSocketException(Net.java:129)
10-25 12:58:33.675  1947 26843 E CastSocket: 	at sun.nio.ch.Net.translateException(Net.java:166)
10-25 12:58:33.675  1947 26843 E CastSocket: 	at sun.nio.ch.Net.translateException(Net.java:172)
10-25 12:58:33.675  1947 26843 E CastSocket: 	at sun.nio.ch.SocketAdaptor.shutdownOutput(SocketAdaptor.java:424)
10-25 12:58:33.675  1947 26843 E CastSocket: 	at noy.b(:com.google.android.gms@14366028@14.3.66 (090400-213742215):22)
10-25 12:58:33.675  1947 26843 E CastSocket: 	at nph.run(:com.google.android.gms@14366028@14.3.66 (090400-213742215):15)
10-25 12:58:33.675  1947 26843 E CastSocket: 	at java.lang.Thread.run(Thread.java:764)
10-25 12:58:33.675  1947 26843 E CastSocket: Caused by: java.nio.channels.NotYetConnectedException
10-25 12:58:33.675  1947 26843 E CastSocket: 	at sun.nio.ch.SocketChannelImpl.shutdownOutput(SocketChannelImpl.java:842)
10-25 12:58:33.675  1947 26843 E CastSocket: 	at sun.nio.ch.SocketAdaptor.shutdownOutput(SocketAdaptor.java:422)
10-25 12:58:33.675  1947 26843 E CastSocket: 	... 3 more
10-25 12:58:33.683  1947 24297 I TcpDeviceProber: notifyProberError Device(hotspot bssid: FFFFFFFFFFFF) 3:connection failed: error="3 Connection timed out"
10-25 12:58:33.695   875 18074 I chatty  : uid=1000(system) Binder:875_10 expire 20 lines
10-25 12:58:33.746  1947 24297 I CastSocketMultiplexer: Stopping multiplexer...
10-25 12:58:41.419  1947 24297 W MdnsDeviceScannerEntry: Invalid remote control notifications enabled status; 0
10-25 12:58:44.203 26847 26847 D AndroidRuntime: >>>>>> START com.android.internal.os.RuntimeInit uid 2000 <<<<<<
10-25 12:58:44.293 26847 26847 D ICU     : Timezone override file found: /data/misc/zoneinfo/current/icu/icu_tzdata.dat
10-25 12:58:44.310 26847 26847 I app_process: The ClassLoaderContext is a special shared library.
10-25 12:58:44.341 26847 26847 D AndroidRuntime: Calling main entry com.android.commands.pm.Pm
10-25 12:58:44.351 26847 26847 I app_process: System.exit called, status: 0
10-25 12:58:44.351 26847 26847 I AndroidRuntime: VM exiting with result code 0.
10-25 12:58:44.715 26868 26868 D AndroidRuntime: >>>>>> START com.android.internal.os.RuntimeInit uid 2000 <<<<<<
10-25 12:58:44.723 26868 26868 W /system/bin/app_process32: Could not reserve sentinel fault page
10-25 12:58:44.805 26868 26868 D ICU     : Timezone override file found: /data/misc/zoneinfo/current/icu/icu_tzdata.dat
10-25 12:58:44.978 26868 26868 D AndroidRuntime: Calling main entry com.koushikdutta.vysor.ProtocolVersionMain
10-25 12:58:44.980 26868 26868 D AndroidRuntime: Shutting down VM
10-25 12:59:00.905 26878 26878 D AndroidRuntime: >>>>>> START com.android.internal.os.RuntimeInit uid 2000 <<<<<<
10-25 12:59:00.988 26878 26878 D ICU     : Timezone override file found: /data/misc/zoneinfo/current/icu/icu_tzdata.dat
10-25 12:59:01.005 26878 26878 I app_process: The ClassLoaderContext is a special shared library.
10-25 12:59:01.037 26878 26878 D AndroidRuntime: Calling main entry com.android.commands.pm.Pm
10-25 12:59:01.045 26878 26878 I app_process: System.exit called, status: 0
10-25 12:59:01.045 26878 26878 I AndroidRuntime: VM exiting with result code 0.
10-25 12:59:01.227   875   892 I chatty  : uid=1000(system) Binder:875_1 expire 630 lines
10-25 12:59:01.328  1947 24297 W MdnsDeviceScannerEntry: Invalid remote control notifications enabled status; 0
10-25 12:59:01.349  1947  1947 V MediaRouter: Removing route: UserRouteInfo{ name=AV Platform, description=BRAVIA 4K GB, status=null, category=RouteCategory{ name=Devices types=ROUTE_TYPE_USER  groupable=false }, supportedTypes=ROUTE_TYPE_USER , presentationDisplay=null }
10-25 12:59:01.488 26899 26899 D AndroidRuntime: >>>>>> START com.android.internal.os.RuntimeInit uid 2000 <<<<<<
10-25 12:59:01.567 26899 26899 D ICU     : Timezone override file found: /data/misc/zoneinfo/current/icu/icu_tzdata.dat
10-25 12:59:01.599 24426 24457 I Finsky  : [242] com.google.android.finsky.bo.ad.run(6): Stats for Executor: BlockingExecutor com.google.android.finsky.bo.ae@a49417a[Running, pool size = 0, active threads = 0, queued tasks = 0, completed tasks = 6]
10-25 12:59:01.604 24426 24457 I Finsky  : [242] com.google.android.finsky.bo.ad.run(6): Stats for Executor: LightweightExecutor com.google.android.finsky.bo.ae@1803d2b[Running, pool size = 3, active threads = 0, queued tasks = 0, completed tasks = 44]
10-25 12:59:01.735 26899 26899 D AndroidRuntime: Calling main entry com.koushikdutta.vysor.ProtocolVersionMain
10-25 12:59:01.737 26899 26899 D AndroidRuntime: Shutting down VM
10-25 12:59:01.741  1947 24297 I MiniDeviceController: [MiniDeviceController-1] ACTIVATE (AV Platform) 001A11FF6F32
10-25 12:59:01.741  1947 24297 I MiniDeviceController: [MiniDeviceController-1] connecting to /10.147.16.90
10-25 12:59:01.749 24426 24457 I Finsky  : [242] com.google.android.finsky.bo.ad.run(6): Stats for Executor: bgExecutor com.google.android.finsky.bo.ae@7f5588[Running, pool size = 4, active threads = 0, queued tasks = 0, completed tasks = 8]
10-25 12:59:02.844  1947 24297 I MiniDeviceController: [MiniDeviceController-1] Sending text message to AV Platform: (ns=urn:x-cast:com.google.cast.tp.connection, dest=receiver-0) {"type":"CONNECT","package":"gms_cast_prober","origin":{}}
10-25 12:59:02.845  1947 24297 I MiniDeviceController: [MiniDeviceController-1] Sending text message to AV Platform: (ns=urn:x-cast:com.google.cast.receiver, dest=receiver-0) {"type":"GET_STATUS","requestId":2}
10-25 12:59:02.847  1947 24297 I MiniDeviceController: [MiniDeviceController-1] Sending text message to AV Platform: (ns=urn:x-cast:com.google.cast.receiver.discovery, dest=receiver-0) {"requestId":3,"type":"GET_DEVICE_INFO"}
10-25 12:59:03.679  1947 24297 I MiniDeviceController: [MiniDeviceController-1] Discovery info: {"controlNotifications":1,"deviceIconUrl":"\/setup\/icon.png","deviceId":"620a04d66b96b00e86e65da31d837414","deviceModel":"BRAVIA 4K GB","friendlyName":"AV Platform","receiverMetricsId":"","requestId":3,"type":"DEVICE_INFO","wifiProximityId":"001A11FF6F32"}
10-25 12:59:03.684  1947 24297 I TcpDeviceProber: notifyProberSuccess Device("AV Platform" (620a04d66b96b00e86e65da31d837414)) supportedCriteria() notSupportedCriteria(%urn:x-cast:com.google.cast.media) statusText(null)
10-25 12:59:03.705   875 31124 I chatty  : uid=1000(system) Binder:875_1A expire 16 lines
10-25 12:59:03.743  1947  1947 V MediaRouter: Adding route: UserRouteInfo{ name=AV Platform, description=BRAVIA 4K GB, status=null, category=RouteCategory{ name=Devices types=ROUTE_TYPE_USER  groupable=false }, supportedTypes=ROUTE_TYPE_USER , presentationDisplay=null }
10-25 12:59:03.744  1947 24297 I CastSocketMultiplexer: Stopping multiplexer...
10-25 12:59:17.605 26916 26916 D AndroidRuntime: >>>>>> START com.android.internal.os.RuntimeInit uid 2000 <<<<<<
10-25 12:59:17.689 26916 26916 D ICU     : Timezone override file found: /data/misc/zoneinfo/current/icu/icu_tzdata.dat
10-25 12:59:17.705 26916 26916 I app_process: The ClassLoaderContext is a special shared library.
10-25 12:59:17.742 26916 26916 D AndroidRuntime: Calling main entry com.android.commands.pm.Pm
10-25 12:59:17.752 26916 26916 I app_process: System.exit called, status: 0
10-25 12:59:17.752 26916 26916 I AndroidRuntime: VM exiting with result code 0.
10-25 12:59:18.219 26937 26937 D AndroidRuntime: >>>>>> START com.android.internal.os.RuntimeInit uid 2000 <<<<<<
10-25 12:59:18.316 26937 26937 D ICU     : Timezone override file found: /data/misc/zoneinfo/current/icu/icu_tzdata.dat
10-25 12:59:18.483 26937 26937 D AndroidRuntime: Calling main entry com.koushikdutta.vysor.ProtocolVersionMain
10-25 12:59:18.486 26937 26937 D AndroidRuntime: Shutting down VM
10-25 12:59:19.280   672   672 E QCOM PowerHAL: extract_stats: failed to open: /d/wlan_wcnss/power_stats Error = No such file or directory
10-25 12:59:19.298   875   911 E BatteryExternalStatsWorker: no controller energy info supplied for wifi
10-25 12:59:19.312   875   911 E BatteryExternalStatsWorker: no controller energy info supplied for bluetooth
10-25 12:59:19.373   672   672 E QCOM PowerHAL: extract_stats: failed to open: /d/wlan_wcnss/power_stats Error = No such file or directory
10-25 12:59:19.387  2929  2929 W Settings: Setting stay_on_while_plugged_in has moved from android.provider.Settings.System to android.provider.Settings.Global, returning read-only value.
10-25 12:59:21.261   875 18074 I chatty  : uid=1000(system) Binder:875_10 expire 191 lines
10-25 12:59:21.420  1947 24297 W MdnsDeviceScannerEntry: Invalid remote control notifications enabled status; 0
10-25 12:59:21.437  1947  1947 V MediaRouter: Removing route: UserRouteInfo{ name=9B204-WALL-AND, description=BRAVIA 4K GB, status=null, category=RouteCategory{ name=Devices types=ROUTE_TYPE_USER  groupable=false }, supportedTypes=ROUTE_TYPE_USER , presentationDisplay=null }
10-25 12:59:21.438   875 31124 I chatty  : uid=1000(system) Binder:875_1A expire 2 lines
10-25 12:59:21.509   875 18074 I chatty  : uid=1000(system) Binder:875_10 expire 310 lines
10-25 12:59:21.697  1947  1958 I zygote64: Background concurrent copying GC freed 464696(15MB) AllocSpace objects, 95(2MB) LOS objects, 50% free, 15MB/30MB, paused 88us total 194.351ms
10-25 12:59:21.705   875 31124 I chatty  : uid=1000(system) Binder:875_1A expire 56 lines
10-25 12:59:21.706   875  3036 I chatty  : uid=1000(system) Binder:875_C expire 16 lines
10-25 12:59:21.735   875 31124 I chatty  : uid=1000(system) Binder:875_1A expire 71 lines
10-25 12:59:21.765  1947 24297 I MiniDeviceController: [MiniDeviceController-1] ACTIVATE (9B204-WALL-AND) 001A11FFDE4B
10-25 12:59:21.765  1947 24297 I MiniDeviceController: [MiniDeviceController-1] connecting to /10.147.4.70
10-25 12:59:21.811  1947 24297 I MiniDeviceController: [MiniDeviceController-1] Sending text message to 9B204-WALL-AND: (ns=urn:x-cast:com.google.cast.tp.connection, dest=receiver-0) {"type":"CONNECT","package":"gms_cast_prober","origin":{}}
10-25 12:59:21.811  1947 24297 I MiniDeviceController: [MiniDeviceController-1] Sending text message to 9B204-WALL-AND: (ns=urn:x-cast:com.google.cast.receiver, dest=receiver-0) {"type":"GET_STATUS","requestId":2}
10-25 12:59:21.812  1947 24297 I MiniDeviceController: [MiniDeviceController-1] Sending text message to 9B204-WALL-AND: (ns=urn:x-cast:com.google.cast.receiver.discovery, dest=receiver-0) {"requestId":3,"type":"GET_DEVICE_INFO"}
10-25 12:59:21.821  1947 24297 I MiniDeviceController: [MiniDeviceController-1] Discovery info: {"controlNotifications":1,"deviceIconUrl":"\/setup\/icon.png","deviceId":"873c6fafee4abf23e06b9fa6bb4749ff","deviceModel":"BRAVIA 4K GB","friendlyName":"9B204-WALL-AND","receiverMetricsId":"","requestId":3,"type":"DEVICE_INFO","wifiProximityId":"001A11FFDE4B"}
10-25 12:59:21.824  1947 24297 I TcpDeviceProber: notifyProberSuccess Device("9B204-WALL-AND" (873c6fafee4abf23e06b9fa6bb4749ff)) supportedCriteria() notSupportedCriteria(%urn:x-cast:com.google.cast.media) statusText(null)
10-25 12:59:21.880  1947  1947 V MediaRouter: Adding route: UserRouteInfo{ name=9B204-WALL-AND, description=BRAVIA 4K GB, status=null, category=RouteCategory{ name=Devices types=ROUTE_TYPE_USER  groupable=false }, supportedTypes=ROUTE_TYPE_USER , presentationDisplay=null }
10-25 12:59:21.883  1947 24297 I CastSocketMultiplexer: Stopping multiplexer...
10-25 12:59:34.351 26950 26950 D AndroidRuntime: >>>>>> START com.android.internal.os.RuntimeInit uid 2000 <<<<<<
10-25 12:59:34.436 26950 26950 D ICU     : Timezone override file found: /data/misc/zoneinfo/current/icu/icu_tzdata.dat
10-25 12:59:34.453 26950 26950 I app_process: The ClassLoaderContext is a special shared library.
10-25 12:59:34.491 26950 26950 D AndroidRuntime: Calling main entry com.android.commands.pm.Pm
10-25 12:59:34.499 26950 26950 I app_process: System.exit called, status: 0
10-25 12:59:34.499 26950 26950 I AndroidRuntime: VM exiting with result code 0.
10-25 12:59:34.985 26971 26971 D AndroidRuntime: >>>>>> START com.android.internal.os.RuntimeInit uid 2000 <<<<<<
10-25 12:59:35.079 26971 26971 D ICU     : Timezone override file found: /data/misc/zoneinfo/current/icu/icu_tzdata.dat
10-25 12:59:35.247 26971 26971 D AndroidRuntime: Calling main entry com.koushikdutta.vysor.ProtocolVersionMain
10-25 12:59:35.249 26971 26971 D AndroidRuntime: Shutting down VM
10-25 12:59:41.240   875  3036 I chatty  : uid=1000(system) Binder:875_C expire 572 lines
10-25 12:59:41.404  1947 24297 W MdnsDeviceScannerEntry: Invalid remote control notifications enabled status; 0
10-25 12:59:49.656 24426 24426 I Finsky  : [2] com.google.android.finsky.verifier.impl.PackageVerificationReceiver.onReceive(7): Verification requested, id = 21
10-25 12:59:49.716 24426 26989 I Finsky  : [310] com.google.android.finsky.verifier.impl.bm.a(4): Single user settings service is not running, bind it now
10-25 12:59:49.726 24426 24426 I Finsky  : [2] com.google.android.finsky.verifier.impl.bp.onServiceConnected(3): Single user settings service is connected
10-25 12:59:49.791 24426 26989 W Settings: Setting install_non_market_apps has moved from android.provider.Settings.Global to android.provider.Settings.Secure, returning read-only value.
10-25 12:59:50.534 24426 26989 I Finsky  : [310] com.google.android.finsky.foregroundcoordinator.impl.c.a(12): Task 7 requested foreground
10-25 12:59:50.544 24426 26989 I Finsky  : [310] com.google.android.finsky.foregroundcoordinator.impl.c.a(19): Not entering foreground
10-25 12:59:50.606 24426 24426 I Finsky  : [2] com.google.android.finsky.verifier.impl.dv.a(6): Blacklist last update time: 1540410531463
10-25 12:59:50.870 24426 27001 I Finsky  : [313] com.google.android.finsky.verifier.impl.ev.b(5): Verification id=21 response=0
10-25 12:59:50.917 24426 24426 I Finsky  : [2] com.google.android.finsky.verifier.impl.fl.c(164): Verifying id=21, result=1
10-25 12:59:51.000   875   925 I chatty  : uid=1000(system) PackageManager expire 1 line
10-25 12:59:51.006 24426 24426 I Finsky  : [2] com.google.android.finsky.verifier.impl.fl.c(177): Verification complete: id=21, package_name=ca.cbc.mobile.android.cbcnewsandroidwebview
10-25 12:59:51.030 27003 27003 I chatty  : uid=39999(u0_a29999) expire 115 lines
10-25 12:59:51.138 26999 26999 D AndroidRuntime: >>>>>> START com.android.internal.os.RuntimeInit uid 2000 <<<<<<
10-25 12:59:51.224 26999 26999 D ICU     : Timezone override file found: /data/misc/zoneinfo/current/icu/icu_tzdata.dat
10-25 12:59:51.242 26999 26999 I app_process: The ClassLoaderContext is a special shared library.
10-25 12:59:51.279 26999 26999 D AndroidRuntime: Calling main entry com.android.commands.pm.Pm
10-25 12:59:51.285 26999 26999 I app_process: System.exit called, status: 0
10-25 12:59:51.285 26999 26999 I AndroidRuntime: VM exiting with result code 0.
10-25 12:59:51.676 27025 27025 D AndroidRuntime: >>>>>> START com.android.internal.os.RuntimeInit uid 2000 <<<<<<
10-25 12:59:51.764 27025 27025 D ICU     : Timezone override file found: /data/misc/zoneinfo/current/icu/icu_tzdata.dat
10-25 12:59:51.927 27025 27025 D AndroidRuntime: Calling main entry com.koushikdutta.vysor.ProtocolVersionMain
10-25 12:59:51.928 27025 27025 D AndroidRuntime: Shutting down VM
10-25 12:59:53.762 27003 27037 I chatty  : uid=39999(u0_a29999) expire 132 lines
10-25 12:59:53.792 27003 27036 I chatty  : uid=39999(u0_a29999) expire 217 lines
10-25 12:59:53.818 27003 27038 I chatty  : uid=39999(u0_a29999) expire 80 lines
10-25 12:59:55.467   875   925 W PackageManager: Privileged permission android.permission.SET_MEDIA_KEY_LISTENER for package com.google.android.googlequicksearchbox - not in privapp-permissions whitelist
10-25 12:59:55.467   875   925 W PackageManager: Privileged permission android.permission.SET_VOLUME_KEY_LONG_PRESS_LISTENER for package com.google.android.googlequicksearchbox - not in privapp-permissions whitelist
10-25 12:59:55.467   875   925 W PackageManager: Privileged permission android.permission.PACKAGE_USAGE_STATS for package com.google.android.googlequicksearchbox - not in privapp-permissions whitelist
10-25 12:59:55.468   875   925 W PackageManager: Privileged permission android.permission.INSTALL_PACKAGES for package com.verizon.mips.services - not in privapp-permissions whitelist
10-25 12:59:55.468   875   925 W PackageManager: Privileged permission android.permission.READ_FRAME_BUFFER for package com.verizon.mips.services - not in privapp-permissions whitelist
10-25 12:59:55.468   875   925 W PackageManager: Privileged permission android.permission.UPDATE_APP_OPS_STATS for package com.verizon.mips.services - not in privapp-permissions whitelist
10-25 12:59:55.468   875   925 W PackageManager: Privileged permission android.permission.DUMP for package com.verizon.mips.services - not in privapp-permissions whitelist
10-25 12:59:55.468   875   925 W PackageManager: Privileged permission android.permission.WRITE_SECURE_SETTINGS for package com.verizon.mips.services - not in privapp-permissions whitelist
10-25 12:59:55.470   875   925 W PackageManager: Privileged permission android.permission.BACKUP for package com.android.vending - not in privapp-permissions whitelist
10-25 12:59:55.472   875   925 W PackageManager: Privileged permission android.permission.CAPTURE_AUDIO_OUTPUT for package com.google.android.dialer - not in privapp-permissions whitelist
10-25 12:59:55.472   875   925 W PackageManager: Privileged permission android.permission.MODIFY_AUDIO_ROUTING for package com.google.android.dialer - not in privapp-permissions whitelist
10-25 12:59:55.473   875   925 W PackageManager: Privileged permission android.permission.ALLOCATE_AGGRESSIVE for package com.google.android.gms - not in privapp-permissions whitelist
10-25 12:59:55.476   875   925 W PackageManager: Privileged permission android.permission.PACKAGE_USAGE_STATS for package com.google.android.apps.turbo - not in privapp-permissions whitelist
10-25 12:59:55.478   875   925 W PackageManager: Privileged permission android.permission.PACKET_KEEPALIVE_OFFLOAD for package com.google.android.apps.gcs - not in privapp-permissions whitelist
10-25 12:59:55.585   705   754 D installd: Applied hard quotas for 10469
10-25 12:59:55.587   875   925 V BackupManagerService: restoreAtInstall pkg=ca.cbc.mobile.android.cbcnewsandroidwebview token=16 restoreSet=0
10-25 12:59:55.587   875   925 V BackupManagerService: Finishing install immediately
10-25 12:59:55.594   705   754 E         : Couldn't opendir /data/app/vmdl1428974245.tmp: No such file or directory
10-25 12:59:55.594   705   754 E installd: Failed to delete /data/app/vmdl1428974245.tmp: No such file or directory
10-25 12:59:55.625   875  1134 I chatty  : uid=1000(system) InputReader expire 1 line
10-25 12:59:55.626  1947 27040 I IntentFilterIntentOp: Verifying IntentFilter. verificationId:10 scheme:"https" hosts:"www.cbc.ca" package:"ca.cbc.mobile.android.cbcnewsandroidwebview".
10-25 12:59:55.643 24426 24426 I Finsky  : [2] com.google.android.finsky.packagemanager.impl.PackageMonitorReceiverImpl.a(12): PackageMonitor received: android.intent.action.PACKAGE_ADDED
10-25 12:59:55.654 24426 24426 I Finsky  : [2] com.google.android.finsky.wear.eg.a(14): Do not start WearSupportService due to Wear service optimization
10-25 12:59:55.661   875 26055 W ActivityManager: Permission Denial: Accessing service ComponentInfo{com.google.android.music/com.google.android.music.dial.DialMediaRouteProviderService} from pid=1947, uid=10025 that is not exported from uid 10069
10-25 12:59:55.658 24426 24426 I Finsky  : [2] com.google.android.finsky.wear.eg.a(14): Do not start WearSupportService due to Wear service optimization
10-25 12:59:55.663 24426 24426 I Finsky  : [2] com.google.android.finsky.p2p.e.b(20): Frosting ID looked up on UI thread. Caller should move to a background thread.
10-25 12:59:55.666   875 31124 W BroadcastQueue: Background execution not allowed: receiving Intent { act=android.intent.action.PACKAGE_ADDED dat=package:ca.cbc.mobile.android.cbcnewsandroidwebview flg=0x4000010 (has extras) } to com.android.musicfx/.Compatibility$Receiver
10-25 12:59:55.666   875   907 W BroadcastQueue: Background execution not allowed: receiving Intent { act=android.intent.action.PACKAGE_ADDED dat=package:ca.cbc.mobile.android.cbcnewsandroidwebview flg=0x4000010 (has extras) } to com.android.vending/com.google.android.finsky.packagemanager.impl.PackageMonitorReceiverImpl$RegisteredReceiver
10-25 12:59:55.683 24426 24426 I Finsky  : [2] com.google.android.finsky.p2p.f.run(3): Wrote row to frosting DB: 1581
10-25 12:59:55.688  1391  1391 D CarrierSvcBindHelper: No carrier app for: 0
10-25 12:59:55.695   875  1883 W BroadcastQueue: Background execution not allowed: receiving Intent { act=android.intent.action.PACKAGE_ADDED dat=package:ca.cbc.mobile.android.cbcnewsandroidwebview flg=0x4000010 (has extras) } to com.google.android.googlequicksearchbox/com.google.android.apps.gsa.googlequicksearchbox.GelStubAppWatcher
10-25 12:59:55.700   875  3036 I ActivityManager: START u0 {flg=0x10800000 cmp=com.estrongs.android.pop/.app.InstallMonitorActivity (has extras)} from uid 10009
10-25 12:59:55.704   672   672 D QCOM PowerHAL: LAUNCH HINT: ON
10-25 12:59:55.706  1391  1391 D ImsResolver: maybeAddedImsService, packageName: ca.cbc.mobile.android.cbcnewsandroidwebview
10-25 12:59:55.707  1391  1391 D CarrierConfigLoader: mHandler: 9 phoneId: 0
10-25 12:59:55.734  1947 27055 I Auth    : [SupervisedAccountIntentOperation] onHandleIntent(): android.intent.action.PACKAGE_ADDED
10-25 12:59:55.734  1947 27055 I Auth    : [SupervisedAccountIntentOperation] This operation is disabled
10-25 12:59:55.738  1947 27054 I ChromeSync: [Sync,SyncIntentOperation] Handling the intent: Intent { act=android.intent.action.PACKAGE_ADDED dat=package:ca.cbc.mobile.android.cbcnewsandroidwebview flg=0x4000010 cmp=com.google.android.gms/.chimera.GmsIntentOperationService (has extras) }.
10-25 12:59:55.746 24426 24426 I Finsky  : [2] com.google.android.finsky.scheduler.bp.a(66): Jobs in database: 1-1337 12-1 26-1414141414 
10-25 12:59:55.754  1947 27043 E bspn    : *~*~*~ Channel {0} was not shutdown properly!!! ~*~*~*
10-25 12:59:55.754  1947 27043 E bspn    :     Make sure to call shutdown()/shutdownNow() and wait until awaitTermination() returns true.
10-25 12:59:55.754  1947 27043 E bspn    : java.lang.RuntimeException: ManagedChannel allocation site
10-25 12:59:55.754  1947 27043 E bspn    : 	at bspo.<init>(:com.google.android.gms@14366028@14.3.66 (090400-213742215):1)
10-25 12:59:55.754  1947 27043 E bspn    : 	at bspn.<init>(:com.google.android.gms@14366028@14.3.66 (090400-213742215):2)
10-25 12:59:55.754  1947 27043 E bspn    : 	at bspn.<init>(:com.google.android.gms@14366028@14.3.66 (090400-213742215):1)
10-25 12:59:55.754  1947 27043 E bspn    : 	at bsid.b(:com.google.android.gms@14366028@14.3.66 (090400-213742215):14)
10-25 12:59:55.754  1947 27043 E bspn    : 	at qco.a(:com.google.android.gms@14366028@14.3.66 (090400-213742215):34)
10-25 12:59:55.754  1947 27043 E bspn    : 	at qco.a(:com.google.android.gms@14366028@14.3.66 (090400-213742215):60)
10-25 12:59:55.754  1947 27043 E bspn    : 	at aozb.a(:com.google.android.gms@14366028@14.3.66 (090400-213742215):12)
10-25 12:59:55.754  1947 27043 E bspn    : 	at aozb.a(:com.google.android.gms@14366028@14.3.66 (090400-213742215):23)
10-25 12:59:55.754  1947 27043 E bspn    : 	at oje.run(:com.google.android.gms@14366028@14.3.66 (090400-213742215):1)
10-25 12:59:55.754  1947 27043 E bspn    : 	at java.util.concurrent.ThreadPoolExecutor.runWorker(ThreadPoolExecutor.java:1162)
10-25 12:59:55.754  1947 27043 E bspn    : 	at java.util.concurrent.ThreadPoolExecutor$Worker.run(ThreadPoolExecutor.java:636)
10-25 12:59:55.754  1947 27043 E bspn    : 	at java.lang.Thread.run(Thread.java:764)
10-25 12:59:55.764 24426 24426 I Finsky  : [2] com.google.android.finsky.scheduler.l.a(70): ConstraintMapping: 1-1337, 12-1,  -> L: 14938ms, D: 86399938ms, C: false, I: false, N: 1
10-25 12:59:55.768  2978  2978 D RegisteredNfcFServicesCache: Service unchanged, not updating
10-25 12:59:55.837  2929  3267 W AdvertisingIdClient: Error while reading from SharedPreferences 
10-25 12:59:55.837  2929  3267 W AdvertisingIdClient: java.lang.SecurityException: MODE_WORLD_READABLE no longer supported
