10-25 13:00:44.389 27312 27312 W System.err: 	at ca.cbc.android.news.refresh.ui.MainActivity.onCreate(MainActivity.java:241)
10-25 13:00:44.389 27312 27312 W System.err: 	at android.app.Activity.performCreate(Activity.java:7009)
10-25 13:00:44.389 27312 27312 W System.err: 	at android.app.Activity.performCreate(Activity.java:7000)
10-25 13:00:44.389 27312 27312 W System.err: 	at android.app.Instrumentation.callActivityOnCreate(Instrumentation.java:1214)
10-25 13:00:44.389 27312 27312 W System.err: 	at android.app.ActivityThread.performLaunchActivity(ActivityThread.java:2731)
10-25 13:00:44.389 27312 27312 W System.err: 	at android.app.ActivityThread.handleLaunchActivity(ActivityThread.java:2856)
10-25 13:00:44.389 27312 27312 W System.err: 	at android.app.ActivityThread.-wrap11(Unknown Source:0)
10-25 13:00:44.389 27312 27312 W System.err: 	at android.app.ActivityThread$H.handleMessage(ActivityThread.java:1589)
10-25 13:00:44.389 27312 27312 W System.err: 	at android.os.Handler.dispatchMessage(Handler.java:106)
10-25 13:00:44.389 27312 27312 W System.err: 	at android.os.Looper.loop(Looper.java:164)
10-25 13:00:44.389 27312 27312 W System.err: 	at android.app.ActivityThread.main(ActivityThread.java:6494)
10-25 13:00:44.389 27312 27312 W System.err: 	at java.lang.reflect.Method.invoke(Native Method)
10-25 13:00:44.389 27312 27312 W System.err: 	at com.android.internal.os.RuntimeInit$MethodAndArgsCaller.run(RuntimeInit.java:438)
10-25 13:00:44.389 27312 27312 W System.err: 	at com.android.internal.os.ZygoteInit.main(ZygoteInit.java:807)
10-25 13:00:44.391 27312 27312 D Apptimize: Apptimize: ApptimizeVar 'nowTabVariant' of type int has a modified default.
10-25 13:00:44.392 27312 27312 I Apptimize: Apptimize: ApptimizeVar 'nowTabVariant' of type int has value '1'
10-25 13:00:44.399 27312 27317 I zygote64: Do partial code cache collection, code=116KB, data=70KB
10-25 13:00:44.400 27312 27317 I zygote64: After code cache collection, code=116KB, data=70KB
10-25 13:00:44.400 27312 27317 I zygote64: Increasing code cache capacity to 512KB
10-25 13:00:44.460 27312 27312 D ccl_BaseCastManager: [v2.9.1] UI is visible
10-25 13:00:44.511   499   499 D SurfaceFlinger: duplicate layer name: changing ca.cbc.mobile.android.cbcnewsandroidwebview/ca.cbc.android.news.refresh.ui.MainActivity to ca.cbc.mobile.android.cbcnewsandroidwebview/ca.cbc.android.news.refresh.ui.MainActivity#1
10-25 13:00:44.575 27312 27312 D NETWORK_TAG: Broadcast Recieved
10-25 13:00:44.728   875   917 I ActivityManager: Displayed ca.cbc.mobile.android.cbcnewsandroidwebview/ca.cbc.android.news.refresh.ui.MainActivity: +449ms
10-25 13:00:44.752 27312 27312 I zygote64: Deoptimizing void android.support.v7.widget.LinearLayoutCompat.measureHorizontal(int, int) due to JIT inline cache
10-25 13:00:44.807 27312 27312 D ccl_BaseCastManager: [v2.9.1] onUiVisibilityChanged() addCallback called
10-25 13:00:44.807 27312 27312 D ccl_BaseCastManager: [v2.9.1] reconnectSessionIfPossible(10, null)
10-25 13:00:44.829 27312 27385 I zygote64: Deoptimizing boolean com.apptimize.lh.a(java.lang.Number, java.lang.Number) due to JIT inline cache
10-25 13:00:44.829 27312 27312 V Apptimize: Apptimize: Setting stickiness attributes v1569351_2 and e57091_2 to 2
10-25 13:00:44.832 27312 27312 I Apptimize: Apptimize: ApptimizeVar 'dal' of type boolean has value 'true'
10-25 13:00:44.984   672   672 D QCOM PowerHAL: LAUNCH HINT: OFF
10-25 13:00:45.447 27312 27312 I CbcTracking: DALLOAD Request
10-25 13:00:46.621 27312 27317 I zygote64: Compiler allocated 4MB to compile void ca.cbc.android.news.refresh.adapter.LineUpRecyclerAdapter$LineupItemFullViewHolder.bind(android.content.Context, android.database.Cursor, int)
10-25 13:00:46.707 27312 27317 I zygote64: Do full code cache collection, code=252KB, data=180KB
10-25 13:00:46.708 27312 27317 I zygote64: After code cache collection, code=187KB, data=117KB
10-25 13:00:47.105  2340 26390 I EventLogSendingHelper: Sending log events.
10-25 13:00:47.404  1947 27589 E CastSocket: [MiniDeviceController-1] Failed to shutdown the output stream socket: npz@d715053.
10-25 13:00:47.404  1947 27589 E CastSocket: java.net.SocketException: Socket is not connected
10-25 13:00:47.404  1947 27589 E CastSocket: 	at sun.nio.ch.Net.translateToSocketException(Net.java:129)
10-25 13:00:47.404  1947 27589 E CastSocket: 	at sun.nio.ch.Net.translateException(Net.java:166)
10-25 13:00:47.404  1947 27589 E CastSocket: 	at sun.nio.ch.Net.translateException(Net.java:172)
10-25 13:00:47.404  1947 27589 E CastSocket: 	at sun.nio.ch.SocketAdaptor.shutdownOutput(SocketAdaptor.java:424)
10-25 13:00:47.404  1947 27589 E CastSocket: 	at noy.b(:com.google.android.gms@14366028@14.3.66 (090400-213742215):22)
10-25 13:00:47.404  1947 27589 E CastSocket: 	at nph.run(:com.google.android.gms@14366028@14.3.66 (090400-213742215):15)
10-25 13:00:47.404  1947 27589 E CastSocket: 	at java.lang.Thread.run(Thread.java:764)
10-25 13:00:47.404  1947 27589 E CastSocket: Caused by: java.nio.channels.NotYetConnectedException
10-25 13:00:47.404  1947 27589 E CastSocket: 	at sun.nio.ch.SocketChannelImpl.shutdownOutput(SocketChannelImpl.java:842)
10-25 13:00:47.404  1947 27589 E CastSocket: 	at sun.nio.ch.SocketAdaptor.shutdownOutput(SocketAdaptor.java:422)
10-25 13:00:47.404  1947 27589 E CastSocket: 	... 3 more
10-25 13:00:47.406  1947 27589 E CastSocket: [MiniDeviceController-2] Failed to shutdown the output stream socket: npz@11ddd9a.
10-25 13:00:47.406  1947 27589 E CastSocket: java.net.SocketException: Socket is not connected
10-25 13:00:47.406  1947 27589 E CastSocket: 	at sun.nio.ch.Net.translateToSocketException(Net.java:129)
10-25 13:00:47.406  1947 27589 E CastSocket: 	at sun.nio.ch.Net.translateException(Net.java:166)
10-25 13:00:47.406  1947 27589 E CastSocket: 	at sun.nio.ch.Net.translateException(Net.java:172)
10-25 13:00:47.406  1947 27589 E CastSocket: 	at sun.nio.ch.SocketAdaptor.shutdownOutput(SocketAdaptor.java:424)
10-25 13:00:47.406  1947 27589 E CastSocket: 	at noy.b(:com.google.android.gms@14366028@14.3.66 (090400-213742215):22)
10-25 13:00:47.406  1947 27589 E CastSocket: 	at nph.run(:com.google.android.gms@14366028@14.3.66 (090400-213742215):15)
10-25 13:00:47.406  1947 27589 E CastSocket: 	at java.lang.Thread.run(Thread.java:764)
10-25 13:00:47.406  1947 27589 E CastSocket: Caused by: java.nio.channels.NotYetConnectedException
10-25 13:00:47.406  1947 27589 E CastSocket: 	at sun.nio.ch.SocketChannelImpl.shutdownOutput(SocketChannelImpl.java:842)
10-25 13:00:47.406  1947 27589 E CastSocket: 	at sun.nio.ch.SocketAdaptor.shutdownOutput(SocketAdaptor.java:422)
10-25 13:00:47.406  1947 27589 E CastSocket: 	... 3 more
10-25 13:00:47.409  1947 27246 I TcpDeviceProber: notifyProberError Device(hotspot bssid: null) 3:connection failed: error="3 Connection timed out"
10-25 13:00:47.411   875 22320 I WifiService: getWifiEnabledState uid=10025
10-25 13:00:47.411   875 22320 I WifiService: getConnectionInfo uid=10025
10-25 13:00:47.412  1947 27246 I MiniDeviceController: [MiniDeviceController-1] ACTIVATE (9J204-WALL-AND) 001A11FF3B55
10-25 13:00:47.413  1947 27246 I MiniDeviceController: [MiniDeviceController-1] connecting to /10.147.2.250
10-25 13:00:47.419  1947 27246 I TcpDeviceProber: notifyProberError Device(hotspot bssid: FFFFFFFFFFFF) 3:connection failed: error="3 Connection timed out"
10-25 13:00:47.421   875 26585 I WifiService: getWifiEnabledState uid=10025
10-25 13:00:47.421   875 26585 I WifiService: getConnectionInfo uid=10025
10-25 13:00:47.423   875 22320 I WifiService: getWifiEnabledState uid=10025
10-25 13:00:47.424   875 22320 I WifiService: getConnectionInfo uid=10025
10-25 13:00:47.426   875 22320 I WifiService: getWifiEnabledState uid=10025
10-25 13:00:47.427   875 22320 I WifiService: getConnectionInfo uid=10025
10-25 13:00:47.429   875 22320 I WifiService: getWifiEnabledState uid=10025
10-25 13:00:47.429   875 22320 I WifiService: getConnectionInfo uid=10025
10-25 13:00:47.431   875 22320 I WifiService: getWifiEnabledState uid=10025
10-25 13:00:47.432   875 22320 I WifiService: getConnectionInfo uid=10025
10-25 13:00:47.433   875 22320 I WifiService: getWifiEnabledState uid=10025
10-25 13:00:47.434   875 22320 I WifiService: getConnectionInfo uid=10025
10-25 13:00:47.435   875 22320 I WifiService: getWifiEnabledState uid=10025
10-25 13:00:47.435   875 22320 I WifiService: getConnectionInfo uid=10025
10-25 13:00:47.436   875 22320 I WifiService: getWifiEnabledState uid=10025
10-25 13:00:47.437   875 22320 I WifiService: getConnectionInfo uid=10025
10-25 13:00:47.438   875 22320 I WifiService: getWifiEnabledState uid=10025
10-25 13:00:47.439   875 22320 I WifiService: getConnectionInfo uid=10025
10-25 13:00:47.440   875 22320 I WifiService: getWifiEnabledState uid=10025
10-25 13:00:47.441   875 22320 I WifiService: getConnectionInfo uid=10025
10-25 13:00:47.443   875 22320 I WifiService: getWifiEnabledState uid=10025
10-25 13:00:47.443   875 22320 I WifiService: getConnectionInfo uid=10025
10-25 13:00:47.444   875 22320 I WifiService: getWifiEnabledState uid=10025
10-25 13:00:47.444   875 22320 I WifiService: getConnectionInfo uid=10025
10-25 13:00:47.446  1947 27246 I MiniDeviceController: [MiniDeviceController-2] ACTIVATE (CBC Music Chromecast) FA8FCA3BD605
10-25 13:00:47.446  1947 27246 I MiniDeviceController: [MiniDeviceController-2] connecting to /192.168.100.8
10-25 13:00:47.449   875 22320 I WifiService: getWifiEnabledState uid=10025
10-25 13:00:47.450   875 22320 I WifiService: getConnectionInfo uid=10025
10-25 13:00:47.451   875 22320 I WifiService: getWifiEnabledState uid=10025
10-25 13:00:47.451   875 22320 I WifiService: getConnectionInfo uid=10025
10-25 13:00:47.453   875 22320 I WifiService: getWifiEnabledState uid=10025
10-25 13:00:47.453   875 22320 I WifiService: getConnectionInfo uid=10025
10-25 13:00:47.457   875 26585 I WifiService: getWifiEnabledState uid=10025
10-25 13:00:47.458   875 26585 I WifiService: getConnectionInfo uid=10025
10-25 13:00:47.460   875 26585 I WifiService: getWifiEnabledState uid=10025
10-25 13:00:47.460   875 26585 I WifiService: getConnectionInfo uid=10025
10-25 13:00:47.461   875 26585 I WifiService: getWifiEnabledState uid=10025
10-25 13:00:47.461   875 26585 I WifiService: getConnectionInfo uid=10025
10-25 13:00:47.462   875 26585 I WifiService: getWifiEnabledState uid=10025
10-25 13:00:47.462   875 26585 I WifiService: getConnectionInfo uid=10025
10-25 13:00:47.463   875 26585 I WifiService: getWifiEnabledState uid=10025
10-25 13:00:47.463   875 26585 I WifiService: getConnectionInfo uid=10025
10-25 13:00:47.464   875 26585 I WifiService: getWifiEnabledState uid=10025
10-25 13:00:47.464   875 26585 I WifiService: getConnectionInfo uid=10025
10-25 13:00:47.465   875 26585 I WifiService: getWifiEnabledState uid=10025
10-25 13:00:47.466   875 26585 I WifiService: getConnectionInfo uid=10025
10-25 13:00:48.613   875  3036 I ActivityManager: Killing 24138:com.google.android.apps.docs/u0a82 (adj 906): empty #17
10-25 13:00:48.614   875   909 W zygote64: kill(-24138, 9) failed: No such process
10-25 13:00:48.656   875   909 W zygote64: kill(-24138, 9) failed: No such process
10-25 13:00:48.656   875   909 I zygote64: Successfully killed process cgroup uid 10082 pid 24138 in 42ms
10-25 13:00:48.689   650  1054 D audio_hw_primary: disable_audio_route: usecase(1) reset and update mixer path: low-latency-playback speaker
10-25 13:00:48.691   650  1054 D hardware_info: hw_info_append_hw_type : device_name = speaker
10-25 13:00:48.691   650  1054 D audio_hw_primary: disable_snd_device: snd_device(2: speaker)
